Component: ARM Compiler 5.06 update 7 (build 960) Tool: armlink [4d3601]

==============================================================================

Section Cross References

    startup_stm32f103xb.o(RESET) refers to startup_stm32f103xb.o(STACK) for __initial_sp
    startup_stm32f103xb.o(RESET) refers to startup_stm32f103xb.o(.text) for Reset_Handler
    startup_stm32f103xb.o(RESET) refers to stm32f1xx_it.o(i.NMI_Handler) for NMI_Handler
    startup_stm32f103xb.o(RESET) refers to stm32f1xx_it.o(i.HardFault_Handler) for HardFault_Handler
    startup_stm32f103xb.o(RESET) refers to stm32f1xx_it.o(i.MemManage_Handler) for MemManage_Handler
    startup_stm32f103xb.o(RESET) refers to stm32f1xx_it.o(i.BusFault_Handler) for BusFault_Handler
    startup_stm32f103xb.o(RESET) refers to stm32f1xx_it.o(i.UsageFault_Handler) for UsageFault_Handler
    startup_stm32f103xb.o(RESET) refers to stm32f1xx_it.o(i.SVC_Handler) for SVC_Handler
    startup_stm32f103xb.o(RESET) refers to stm32f1xx_it.o(i.DebugMon_Handler) for DebugMon_Handler
    startup_stm32f103xb.o(RESET) refers to stm32f1xx_it.o(i.PendSV_Handler) for PendSV_Handler
    startup_stm32f103xb.o(RESET) refers to stm32f1xx_it.o(i.SysTick_Handler) for SysTick_Handler
    startup_stm32f103xb.o(RESET) refers to stm32f1xx_it.o(i.RTC_IRQHandler) for RTC_IRQHandler
    startup_stm32f103xb.o(RESET) refers to stm32f1xx_it.o(i.I2C1_EV_IRQHandler) for I2C1_EV_IRQHandler
    startup_stm32f103xb.o(RESET) refers to stm32f1xx_it.o(i.I2C1_ER_IRQHandler) for I2C1_ER_IRQHandler
    startup_stm32f103xb.o(RESET) refers to stm32f1xx_it.o(i.USART1_IRQHandler) for USART1_IRQHandler
    startup_stm32f103xb.o(RESET) refers to stm32f1xx_it.o(i.USART3_IRQHandler) for USART3_IRQHandler
    startup_stm32f103xb.o(RESET) refers to stm32f1xx_it.o(i.RTC_Alarm_IRQHandler) for RTC_Alarm_IRQHandler
    startup_stm32f103xb.o(.text) refers to system_stm32f1xx.o(i.SystemInit) for SystemInit
    startup_stm32f103xb.o(.text) refers to entry.o(.ARM.Collect$$$$00000000) for __main
    led.o(i.LED_BlinkOnce) refers to stm32f1xx_hal.o(i.HAL_GetTick) for HAL_GetTick
    led.o(i.LED_BlinkOnce) refers to stm32f1xx_hal_gpio.o(i.HAL_GPIO_WritePin) for HAL_GPIO_WritePin
    led.o(i.LED_BlinkOnce) refers to led.o(.data) for .data
    led.o(i.LED_Init) refers to stm32f1xx_hal_gpio.o(i.HAL_GPIO_WritePin) for HAL_GPIO_WritePin
    led.o(i.LED_Init) refers to led.o(.data) for .data
    led.o(i.LED_Process) refers to stm32f1xx_hal.o(i.HAL_GetTick) for HAL_GetTick
    led.o(i.LED_Process) refers to stm32f1xx_hal_gpio.o(i.HAL_GPIO_WritePin) for HAL_GPIO_WritePin
    led.o(i.LED_Process) refers to led.o(.data) for .data
    led.o(i.LED_SetState) refers to stm32f1xx_hal.o(i.HAL_GetTick) for HAL_GetTick
    led.o(i.LED_SetState) refers to stm32f1xx_hal_gpio.o(i.HAL_GPIO_WritePin) for HAL_GPIO_WritePin
    led.o(i.LED_SetState) refers to led.o(.data) for .data
    oled.o(i.OLED_Clear) refers to oled.o(i.OLED_Refresh) for OLED_Refresh
    oled.o(i.OLED_Clear) refers to oled.o(.bss) for .bss
    oled.o(i.OLED_Display_Off) refers to oled.o(i.OLED_Write_Command) for OLED_Write_Command
    oled.o(i.OLED_Display_On) refers to oled.o(i.OLED_Write_Command) for OLED_Write_Command
    oled.o(i.OLED_Init) refers to stm32f1xx_hal.o(i.HAL_Delay) for HAL_Delay
    oled.o(i.OLED_Init) refers to oled.o(i.OLED_Write_Command) for OLED_Write_Command
    oled.o(i.OLED_Init) refers to oled.o(i.OLED_Clear) for OLED_Clear
    oled.o(i.OLED_Init) refers to oled.o(i.OLED_Set_Pos) for OLED_Set_Pos
    oled.o(i.OLED_Refresh) refers to oled.o(i.OLED_Set_Pos) for OLED_Set_Pos
    oled.o(i.OLED_Refresh) refers to stm32f1xx_hal_i2c.o(i.HAL_I2C_Master_Transmit) for HAL_I2C_Master_Transmit
    oled.o(i.OLED_Refresh) refers to oled.o(.bss) for .bss
    oled.o(i.OLED_Refresh) refers to i2c.o(.bss) for hi2c1
    oled.o(i.OLED_Set_Pos) refers to oled.o(i.OLED_Write_Command) for OLED_Write_Command
    oled.o(i.OLED_ShowCPU) refers to oled.o(i.OLED_ShowString) for OLED_ShowString
    oled.o(i.OLED_ShowCPU) refers to oled.o(i.OLED_ShowNum) for OLED_ShowNum
    oled.o(i.OLED_ShowCPU) refers to oled.o(i.OLED_ShowChar) for OLED_ShowChar
    oled.o(i.OLED_ShowChar) refers to oled.o(.constdata) for .constdata
    oled.o(i.OLED_ShowChar) refers to oled.o(.bss) for .bss
    oled.o(i.OLED_ShowComm) refers to oled.o(i.OLED_ShowString) for OLED_ShowString
    oled.o(i.OLED_ShowError) refers to oled.o(i.OLED_ShowString) for OLED_ShowString
    oled.o(i.OLED_ShowError) refers to oled.o(i.OLED_ShowNum) for OLED_ShowNum
    oled.o(i.OLED_ShowHexNum) refers to oled.o(i.OLED_ShowChar) for OLED_ShowChar
    oled.o(i.OLED_ShowKeys) refers to oled.o(i.OLED_ShowString) for OLED_ShowString
    oled.o(i.OLED_ShowKeys) refers to oled.o(i.OLED_ShowChar) for OLED_ShowChar
    oled.o(i.OLED_ShowLEDs) refers to oled.o(i.OLED_ShowString) for OLED_ShowString
    oled.o(i.OLED_ShowLEDs) refers to oled.o(i.OLED_ShowChar) for OLED_ShowChar
[...]
    Removing stm32f1xx_hal_uart.o(i.HAL_UART_DeInit), (54 bytes).
    Removing stm32f1xx_hal_uart.o(i.HAL_UART_GetError), (4 bytes).
    Removing stm32f1xx_hal_uart.o(i.HAL_UART_GetState), (10 bytes).
    Removing stm32f1xx_hal_uart.o(i.HAL_UART_MspDeInit), (2 bytes).
    Removing stm32f1xx_hal_uart.o(i.HAL_UART_MspInit), (2 bytes).
    Removing stm32f1xx_hal_uart.o(i.HAL_UART_Receive), (176 bytes).
    Removing stm32f1xx_hal_uart.o(i.HAL_UART_Receive_DMA), (28 bytes).
    Removing stm32f1xx_hal_uart.o(i.HAL_UART_RxCpltCallback), (2 bytes).
    Removing stm32f1xx_hal_uart.o(i.HAL_UART_RxHalfCpltCallback), (2 bytes).
    Removing stm32f1xx_hal_uart.o(i.HAL_UART_Transmit_DMA), (120 bytes).
    Removing stm32f1xx_hal_uart.o(i.HAL_UART_Transmit_IT), (50 bytes).
    Removing stm32f1xx_hal_uart.o(i.HAL_UART_TxHalfCpltCallback), (2 bytes).
    Removing stm32f1xx_hal_uart.o(i.UART_DMAError), (74 bytes).
    Removing stm32f1xx_hal_uart.o(i.UART_DMAReceiveCplt), (134 bytes).
    Removing stm32f1xx_hal_uart.o(i.UART_DMARxAbortCallback), (44 bytes).
    Removing stm32f1xx_hal_uart.o(i.UART_DMARxHalfCplt), (30 bytes).
    Removing stm32f1xx_hal_uart.o(i.UART_DMARxOnlyAbortCallback), (22 bytes).
    Removing stm32f1xx_hal_uart.o(i.UART_DMATransmitCplt), (66 bytes).
    Removing stm32f1xx_hal_uart.o(i.UART_DMATxAbortCallback), (44 bytes).
    Removing stm32f1xx_hal_uart.o(i.UART_DMATxHalfCplt), (10 bytes).
    Removing stm32f1xx_hal_uart.o(i.UART_DMATxOnlyAbortCallback), (20 bytes).
    Removing stm32f1xx_hal_uart.o(i.UART_EndTxTransfer), (28 bytes).
    Removing stm32f1xx_hal_uart.o(i.UART_Start_Receive_DMA), (144 bytes).
    Removing system_stm32f1xx.o(.rev16_text), (4 bytes).
    Removing system_stm32f1xx.o(.revsh_text), (4 bytes).
    Removing system_stm32f1xx.o(.rrx_text), (6 bytes).
    Removing system_stm32f1xx.o(i.SystemCoreClockUpdate), (104 bytes).
    Removing dadd.o(.text), (334 bytes).
    Removing dmul.o(.text), (228 bytes).
    Removing ddiv.o(.text), (222 bytes).
    Removing dfixul.o(.text), (48 bytes).
    Removing cdrcmple.o(.text), (48 bytes).
    Removing depilogue.o(.text), (186 bytes).

326 unused section(s) (total 23294 bytes) removed from the image.

==============================================================================

Image Symbol Table

    Local Symbols

    Symbol Name                              Value     Ov Type        Size  Object(Section)

    ../Core/Src/gpio.c                       0x00000000   Number         0  gpio.o ABSOLUTE
    ../Core/Src/i2c.c                        0x00000000   Number         0  i2c.o ABSOLUTE
    ../Core/Src/main.c                       0x00000000   Number         0  main.o ABSOLUTE
    ../Core/Src/stm32f1xx_hal_msp.c          0x00000000   Number         0  stm32f1xx_hal_msp.o ABSOLUTE
    ../Core/Src/stm32f1xx_it.c               0x00000000   Number         0  stm32f1xx_it.o ABSOLUTE
    ../Core/Src/system_stm32f1xx.c           0x00000000   Number         0  system_stm32f1xx.o ABSOLUTE
    ../Core/Src/usart.c                      0x00000000   Number         0  usart.o ABSOLUTE
    ../Drivers/STM32F1xx_HAL_Driver/Src/stm32f1xx_hal.c 0x00000000   Number         0  stm32f1xx_hal.o ABSOLUTE
    ../Drivers/STM32F1xx_HAL_Driver/Src/stm32f1xx_hal_cortex.c 0x00000000   Number         0  stm32f1xx_hal_cortex.o ABSOLUTE
    ../Drivers/STM32F1xx_HAL_Driver/Src/stm32f1xx_hal_dma.c 0x00000000   Number         0  stm32f1xx_hal_dma.o ABSOLUTE
    ../Drivers/STM32F1xx_HAL_Driver/Src/stm32f1xx_hal_exti.c 0x00000000   Number         0  stm32f1xx_hal_exti.o ABSOLUTE
    ../Drivers/STM32F1xx_HAL_Driver/Src/stm32f1xx_hal_flash.c 0x00000000   Number         0  stm32f1xx_hal_flash.o ABSOLUTE
    ../Drivers/STM32F1xx_HAL_Driver/Src/stm32f1xx_hal_flash_ex.c 0x00000000   Number         0  stm32f1xx_hal_flash_ex.o ABSOLUTE
    ../Drivers/STM32F1xx_HAL_Driver/Src/stm32f1xx_hal_gpio.c 0x00000000   Number         0  stm32f1xx_hal_gpio.o ABSOLUTE
    ../Drivers/STM32F1xx_HAL_Driver/Src/stm32f1xx_hal_gpio_ex.c 0x00000000   Number         0  stm32f1xx_hal_gpio_ex.o ABSOLUTE
    ../Drivers/STM32F1xx_HAL_Driver/Src/stm32f1xx_hal_i2c.c 0x00000000   Number         0  stm32f1xx_hal_i2c.o ABSOLUTE
    ../Drivers/STM32F1xx_HAL_Driver/Src/stm32f1xx_hal_pwr.c 0x00000000   Number         0  stm32f1xx_hal_pwr.o ABSOLUTE
    ../Drivers/STM32F1xx_HAL_Driver/Src/stm32f1xx_hal_rcc.c 0x00000000   Number         0  stm32f1xx_hal_rcc.o ABSOLUTE
    ../Drivers/STM32F1xx_HAL_Driver/Src/stm32f1xx_hal_rcc_ex.c 0x00000000   Number         0  stm32f1xx_hal_rcc_ex.o ABSOLUTE
    ../Drivers/STM32F1xx_HAL_Driver/Src/stm32f1xx_hal_rtc.c 0x00000000   Number         0  stm32f1xx_hal_rtc.o ABSOLUTE
    ../Drivers/STM32F1xx_HAL_Driver/Src/stm32f1xx_hal_rtc_ex.c 0x00000000   Number         0  stm32f1xx_hal_rtc_ex.o ABSOLUTE
    ../Drivers/STM32F1xx_HAL_Driver/Src/stm32f1xx_hal_uart.c 0x00000000   Number         0  stm32f1xx_hal_uart.o ABSOLUTE
    ../clib/microlib/division.c              0x00000000   Number         0  uidiv.o ABSOLUTE
    ../clib/microlib/division.c              0x00000000   Number         0  uldiv.o ABSOLUTE
    ../clib/microlib/init/entry.s            0x00000000   Number         0  entry10b.o ABSOLUTE
    ../clib/microlib/init/entry.s            0x00000000   Number         0  entry11a.o ABSOLUTE
    ../clib/microlib/init/entry.s            0x00000000   Number         0  entry9b.o ABSOLUTE
    ../clib/microlib/init/entry.s            0x00000000   Number         0  entry11b.o ABSOLUTE
    ../clib/microlib/init/entry.s            0x00000000   Number         0  entry.o ABSOLUTE
    ../clib/microlib/init/entry.s            0x00000000   Number         0  entry12a.o ABSOLUTE
    ../clib/microlib/init/entry.s            0x00000000   Number         0  entry12b.o ABSOLUTE
    ../clib/microlib/init/entry.s            0x00000000   Number         0  entry8b.o ABSOLUTE
    ../clib/microlib/init/entry.s            0x00000000   Number         0  entry9a.o ABSOLUTE
    ../clib/microlib/init/entry.s            0x00000000   Number         0  entry8a.o ABSOLUTE
    ../clib/microlib/init/entry.s            0x00000000   Number         0  entry7b.o ABSOLUTE
    ../clib/microlib/init/entry.s            0x00000000   Number         0  entry7a.o ABSOLUTE
    ../clib/microlib/init/entry.s            0x00000000   Number         0  entry5.o ABSOLUTE
    ../clib/microlib/init/entry.s            0x00000000   Number         0  entry2.o ABSOLUTE
    ../clib/microlib/init/entry.s            0x00000000   Number         0  entry10a.o ABSOLUTE
    ../clib/microlib/longlong.c              0x00000000   Number         0  llshl.o ABSOLUTE
    ../clib/microlib/longlong.c              0x00000000   Number         0  llsshr.o ABSOLUTE
    ../clib/microlib/longlong.c              0x00000000   Number         0  llushr.o ABSOLUTE
    ../clib/microlib/printf/printf.c         0x00000000   Number         0  printf4.o ABSOLUTE
    ../clib/microlib/printf/printf.c         0x00000000   Number         0  printf7.o ABSOLUTE
    ../clib/microlib/printf/printf.c         0x00000000   Number         0  printfb.o ABSOLUTE
    ../clib/microlib/printf/printf.c         0x00000000   Number         0  printf8.o ABSOLUTE
    ../clib/microlib/printf/printf.c         0x00000000   Number         0  printf5.o ABSOLUTE
    ../clib/microlib/printf/printf.c         0x00000000   Number         0  printf0.o ABSOLUTE
    ../clib/microlib/printf/printf.c         0x00000000   Number         0  printf3.o ABSOLUTE
    ../clib/microlib/printf/printf.c         0x00000000   Number         0  printf2.o ABSOLUTE
    ../clib/microlib/printf/printf.c         0x00000000   Number         0  printf1.o ABSOLUTE
    ../clib/microlib/printf/printf.c         0x00000000   Number         0  printfa.o ABSOLUTE
    ../clib/microlib/printf/printf.c         0x00000000   Number         0  printf6.o ABSOLUTE
    ../clib/microlib/printf/stubs.s          0x00000000   Number         0  stubs.o ABSOLUTE
    ../clib/microlib/stdio/streams.c         0x00000000   Number         0  stdout.o ABSOLUTE
    ../clib/microlib/string/memset.c         0x00000000   Number         0  memseta.o ABSOLUTE
    ../clib/microlib/stubs.s                 0x00000000   Number         0  iusefp.o ABSOLUTE
    ../fplib/microlib/fpadd.c                0x00000000   Number         0  dadd.o ABSOLUTE
    ../fplib/microlib/fpdiv.c                0x00000000   Number         0  ddiv.o ABSOLUTE
    ../fplib/microlib/fpepilogue.c           0x00000000   Number         0  depilogue.o ABSOLUTE
    ../fplib/microlib/fpfix.c                0x00000000   Number         0  dfixul.o ABSOLUTE
    ../fplib/microlib/fpmul.c                0x00000000   Number         0  dmul.o ABSOLUTE
    ..\Core\Src\gpio.c                       0x00000000   Number         0  gpio.o ABSOLUTE
    ..\Core\Src\i2c.c                        0x00000000   Number         0  i2c.o ABSOLUTE
    ..\Core\Src\led.c                        0x00000000   Number         0  led.o ABSOLUTE
    ..\Core\Src\main.c                       0x00000000   Number         0  main.o ABSOLUTE
    ..\Core\Src\oled.c                       0x00000000   Number         0  oled.o ABSOLUTE
    ..\Core\Src\rs485.c                      0x00000000   Number         0  rs485.o ABSOLUTE
    ..\Core\Src\rtc.c                        0x00000000   Number         0  rtc.o ABSOLUTE
    ..\Core\Src\stm32f1xx_hal_msp.c          0x00000000   Number         0  stm32f1xx_hal_msp.o ABSOLUTE
    ..\Core\Src\stm32f1xx_it.c               0x00000000   Number         0  stm32f1xx_it.o ABSOLUTE
    ..\Core\Src\sys_manager.c                0x00000000   Number         0  sys_manager.o ABSOLUTE
    ..\Core\Src\sys_status.c                 0x00000000   Number         0  sys_status.o ABSOLUTE
    ..\Core\Src\system_stm32f1xx.c           0x00000000   Number         0  system_stm32f1xx.o ABSOLUTE
    ..\Core\Src\usart.c                      0x00000000   Number         0  usart.o ABSOLUTE
    ..\Drivers\STM32F1xx_HAL_Driver\Src\stm32f1xx_hal.c 0x00000000   Number         0  stm32f1xx_hal.o ABSOLUTE
    ..\Drivers\STM32F1xx_HAL_Driver\Src\stm32f1xx_hal_cortex.c 0x00000000   Number         0  stm32f1xx_hal_cortex.o ABSOLUTE
    ..\Drivers\STM32F1xx_HAL_Driver\Src\stm32f1xx_hal_dma.c 0x00000000   Number         0  stm32f1xx_hal_dma.o ABSOLUTE
    ..\Drivers\STM32F1xx_HAL_Driver\Src\stm32f1xx_hal_exti.c 0x00000000   Number         0  stm32f1xx_hal_exti.o ABSOLUTE
    ..\Drivers\STM32F1xx_HAL_Driver\Src\stm32f1xx_hal_flash.c 0x00000000   Number         0  stm32f1xx_hal_flash.o ABSOLUTE
    ..\Drivers\STM32F1xx_HAL_Driver\Src\stm32f1xx_hal_flash_ex.c 0x00000000   Number         0  stm32f1xx_hal_flash_ex.o ABSOLUTE
    ..\Drivers\STM32F1xx_HAL_Driver\Src\stm32f1xx_hal_gpio.c 0x00000000   Number         0  stm32f1xx_hal_gpio.o ABSOLUTE
    ..\Drivers\STM32F1xx_HAL_Driver\Src\stm32f1xx_hal_gpio_ex.c 0x00000000   Number         0  stm32f1xx_hal_gpio_ex.o ABSOLUTE
    ..\Drivers\STM32F1xx_HAL_Driver\Src\stm32f1xx_hal_i2c.c 0x00000000   Number         0  stm32f1xx_hal_i2c.o ABSOLUTE
    ..\Drivers\STM32F1xx_HAL_Driver\Src\stm32f1xx_hal_pwr.c 0x00000000   Number         0  stm32f1xx_hal_pwr.o ABSOLUTE
    ..\Drivers\STM32F1xx_HAL_Driver\Src\stm32f1xx_hal_rcc.c 0x00000000   Number         0  stm32f1xx_hal_rcc.o ABSOLUTE
    ..\Drivers\STM32F1xx_HAL_Driver\Src\stm32f1xx_hal_rcc_ex.c 0x00000000   Number         0  stm32f1xx_hal_rcc_ex.o ABSOLUTE
    ..\Drivers\STM32F1xx_HAL_Driver\Src\stm32f1xx_hal_rtc.c 0x00000000   Number         0  stm32f1xx_hal_rtc.o ABSOLUTE
    ..\Drivers\STM32F1xx_HAL_Driver\Src\stm32f1xx_hal_rtc_ex.c 0x00000000   Number         0  stm32f1xx_hal_rtc_ex.o ABSOLUTE
    ..\Drivers\STM32F1xx_HAL_Driver\Src\stm32f1xx_hal_uart.c 0x00000000   Number         0  stm32f1xx_hal_uart.o ABSOLUTE
    ..\\Core\\Src\\led.c                     0x00000000   Number         0  led.o ABSOLUTE
    ..\\Core\\Src\\oled.c                    0x00000000   Number         0  oled.o ABSOLUTE
    ..\\Core\\Src\\rtc.c                     0x00000000   Number         0  rtc.o ABSOLUTE
    ..\\Core\\Src\\sys_manager.c             0x00000000   Number         0  sys_manager.o ABSOLUTE
    ..\\Core\\Src\\sys_status.c              0x00000000   Number         0  sys_status.o ABSOLUTE
    cdrcmple.s                               0x00000000   Number         0  cdrcmple.o ABSOLUTE
    dc.s                                     0x00000000   Number         0  dc.o ABSOLUTE
    handlers.s                               0x00000000   Number         0  handlers.o ABSOLUTE
    init.s                                   0x00000000   Number         0  init.o ABSOLUTE
    startup_stm32f103xb.s                    0x00000000   Number         0  startup_stm32f103xb.o ABSOLUTE
    RESET                                    0x08000000   Section      236  startup_stm32f103xb.o(RESET)
    .ARM.Collect$$$$00000000                 0x080000ec   Section        0  entry.o(.ARM.Collect$$$$00000000)
    .ARM.Collect$$$$00000001                 0x080000ec   Section        4  entry2.o(.ARM.Collect$$$$00000001)
    .ARM.Collect$$$$00000004                 0x080000f0   Section        4  entry5.o(.ARM.Collect$$$$00000004)
    .ARM.Collect$$$$00000008                 0x080000f4   Section        0  entry7b.o(.ARM.Collect$$$$00000008)
    .ARM.Collect$$$$0000000A                 0x080000f4   Section        0  entry8b.o(.ARM.Collect$$$$0000000A)
    .ARM.Collect$$$$0000000B                 0x080000f4   Section        8  entry9a.o(.ARM.Collect$$$$0000000B)
    .ARM.Collect$$$$0000000E                 0x080000fc   Section        4  entry12b.o(.ARM.Collect$$$$0000000E)
    .ARM.Collect$$$$0000000F                 0x08000100   Section        0  entry10a.o(.ARM.Collect$$$$0000000F)
    .ARM.Collect$$$$00000011                 0x08000100   Section        0  entry11a.o(.ARM.Collect$$$$00000011)
    .ARM.Collect$$$$00002712                 0x08000100   Section        4  entry2.o(.ARM.Collect$$$$00002712)
    __lit__00000000                          0x08000100   Data           4  entry2.o(.ARM.Collect$$$$00002712)
    .text                                    0x08000104   Section       36  startup_stm32f103xb.o(.text)
    .text                                    0x08000128   Section        0  llushr.o(.text)
    .text                                    0x08000148   Section        0  memseta.o(.text)
    .text                                    0x0800016c   Section        0  uldiv.o(.text)
    .text                                    0x080001d0   Section       36  init.o(.text)
    .text                                    0x080001f4   Section        0  llshl.o(.text)
    i.BusFault_Handler                       0x08000212   Section        0  stm32f1xx_it.o(i.BusFault_Handler)
    i.DebugMon_Handler                       0x08000214   Section        0  stm32f1xx_it.o(i.DebugMon_Handler)
    i.Get_CPU_Usage                          0x08000218   Section        0  sys_status.o(i.Get_CPU_Usage)
    i.Get_Comm_Status                        0x08000248   Section        0  sys_status.o(i.Get_Comm_Status)
    i.Get_Error_Count                        0x08000254   Section        0  sys_status.o(i.Get_Error_Count)
    i.Get_Key_Status                         0x08000260   Section        0  sys_status.o(i.Get_Key_Status)
    i.Get_LED_Status                         0x080002a4   Section        0  sys_status.o(i.Get_LED_Status)
    i.HAL_DMA_Abort                          0x080002dc   Section        0  stm32f1xx_hal_dma.o(i.HAL_DMA_Abort)
    i.HAL_DMA_Abort_IT                       0x08000324   Section        0  stm32f1xx_hal_dma.o(i.HAL_DMA_Abort_IT)
    i.HAL_DMA_GetState                       0x080003bc   Section        0  stm32f1xx_hal_dma.o(i.HAL_DMA_GetState)
    i.HAL_Delay                              0x080003c4   Section        0  stm32f1xx_hal.o(i.HAL_Delay)
    i.HAL_GPIO_Init                          0x080003e8   Section        0  stm32f1xx_hal_gpio.o(i.HAL_GPIO_Init)
    i.HAL_GPIO_ReadPin                       0x080005c8   Section        0  stm32f1xx_hal_gpio.o(i.HAL_GPIO_ReadPin)
    i.HAL_GPIO_TogglePin                     0x080005d2   Section        0  stm32f1xx_hal_gpio.o(i.HAL_GPIO_TogglePin)
    i.HAL_GPIO_WritePin                      0x080005e2   Section        0  stm32f1xx_hal_gpio.o(i.HAL_GPIO_WritePin)
    i.HAL_GetTick                            0x080005ec   Section        0  stm32f1xx_hal.o(i.HAL_GetTick)
    i.HAL_I2C_AbortCpltCallback              0x080005f8   Section        0  stm32f1xx_hal_i2c.o(i.HAL_I2C_AbortCpltCallback)
    i.HAL_I2C_AddrCallback                   0x080005fa   Section        0  stm32f1xx_hal_i2c.o(i.HAL_I2C_AddrCallback)
    i.HAL_I2C_ER_IRQHandler                  0x080005fc   Section        0  stm32f1xx_hal_i2c.o(i.HAL_I2C_ER_IRQHandler)
    i.HAL_I2C_EV_IRQHandler                  0x080006c0   Section        0  stm32f1xx_hal_i2c.o(i.HAL_I2C_EV_IRQHandler)
    i.HAL_I2C_ErrorCallback                  0x080008f0   Section        0  stm32f1xx_hal_i2c.o(i.HAL_I2C_ErrorCallback)
    i.HAL_I2C_Init                           0x080008f4   Section        0  stm32f1xx_hal_i2c.o(i.HAL_I2C_Init)
    i.HAL_I2C_ListenCpltCallback             0x08000a7c   Section        0  stm32f1xx_hal_i2c.o(i.HAL_I2C_ListenCpltCallback)
    i.HAL_I2C_MasterRxCpltCallback           0x08000a7e   Section        0  stm32f1xx_hal_i2c.o(i.HAL_I2C_MasterRxCpltCallback)
    i.HAL_I2C_MasterTxCpltCallback           0x08000a80   Section        0  stm32f1xx_hal_i2c.o(i.HAL_I2C_MasterTxCpltCallback)
    i.HAL_I2C_Master_Transmit                0x08000a84   Section        0  stm32f1xx_hal_i2c.o(i.HAL_I2C_Master_Transmit)
    i.HAL_I2C_MemRxCpltCallback              0x08000bb0   Section        0  stm32f1xx_hal_i2c.o(i.HAL_I2C_MemRxCpltCallback)
    i.HAL_I2C_MemTxCpltCallback              0x08000bb2   Section        0  stm32f1xx_hal_i2c.o(i.HAL_I2C_MemTxCpltCallback)
    i.HAL_I2C_MspInit                        0x08000bb4   Section        0  i2c.o(i.HAL_I2C_MspInit)
    i.HAL_I2C_SlaveRxCpltCallback            0x08000c30   Section        0  stm32f1xx_hal_i2c.o(i.HAL_I2C_SlaveRxCpltCallback)
    i.HAL_I2C_SlaveTxCpltCallback            0x08000c32   Section        0  stm32f1xx_hal_i2c.o(i.HAL_I2C_SlaveTxCpltCallback)
    i.HAL_IncTick                            0x08000c34   Section        0  stm32f1xx_hal.o(i.HAL_IncTick)
    i.HAL_Init                               0x08000c44   Section        0  stm32f1xx_hal.o(i.HAL_Init)
    i.HAL_InitTick                           0x08000c68   Section        0  stm32f1xx_hal.o(i.HAL_InitTick)
    i.HAL_MspInit                            0x08000ca8   Section        0  stm32f1xx_hal_msp.o(i.HAL_MspInit)
    i.HAL_NVIC_EnableIRQ                     0x08000ce4   Section        0  stm32f1xx_hal_cortex.o(i.HAL_NVIC_EnableIRQ)
    i.HAL_NVIC_SetPriority                   0x08000d00   Section        0  stm32f1xx_hal_cortex.o(i.HAL_NVIC_SetPriority)
    i.HAL_NVIC_SetPriorityGrouping           0x08000d40   Section        0  stm32f1xx_hal_cortex.o(i.HAL_NVIC_SetPriorityGrouping)
    i.HAL_PWR_EnableBkUpAccess               0x08000d64   Section        0  stm32f1xx_hal_pwr.o(i.HAL_PWR_EnableBkUpAccess)
    i.HAL_RCCEx_GetPeriphCLKFreq             0x08000d70   Section        0  stm32f1xx_hal_rcc_ex.o(i.HAL_RCCEx_GetPeriphCLKFreq)
    i.HAL_RCCEx_PeriphCLKConfig              0x08000e14   Section        0  stm32f1xx_hal_rcc_ex.o(i.HAL_RCCEx_PeriphCLKConfig)
    i.HAL_RCC_ClockConfig                    0x08000f00   Section        0  stm32f1xx_hal_rcc.o(i.HAL_RCC_ClockConfig)
    i.HAL_RCC_GetPCLK1Freq                   0x0800102c   Section        0  stm32f1xx_hal_rcc.o(i.HAL_RCC_GetPCLK1Freq)
    i.HAL_RCC_GetPCLK2Freq                   0x0800104c   Section        0  stm32f1xx_hal_rcc.o(i.HAL_RCC_GetPCLK2Freq)
    i.HAL_RCC_GetSysClockFreq                0x0800106c   Section        0  stm32f1xx_hal_rcc.o(i.HAL_RCC_GetSysClockFreq)
    i.HAL_RCC_OscConfig                      0x080010b8   Section        0  stm32f1xx_hal_rcc.o(i.HAL_RCC_OscConfig)
    i.HAL_RTCEx_RTCEventCallback             0x080013d8   Section        0  stm32f1xx_hal_rtc_ex.o(i.HAL_RTCEx_RTCEventCallback)
    i.HAL_RTCEx_RTCEventErrorCallback        0x080013da   Section        0  stm32f1xx_hal_rtc_ex.o(i.HAL_RTCEx_RTCEventErrorCallback)
    i.HAL_RTCEx_RTCIRQHandler                0x080013dc   Section        0  stm32f1xx_hal_rtc_ex.o(i.HAL_RTCEx_RTCIRQHandler)
    i.HAL_RTC_AlarmAEventCallback            0x0800141a   Section        0  stm32f1xx_hal_rtc.o(i.HAL_RTC_AlarmAEventCallback)
    i.HAL_RTC_AlarmIRQHandler                0x0800141c   Section        0  stm32f1xx_hal_rtc.o(i.HAL_RTC_AlarmIRQHandler)
    i.HAL_RTC_GetTime                        0x08001450   Section        0  stm32f1xx_hal_rtc.o(i.HAL_RTC_GetTime)
    i.HAL_RTC_Init                           0x08001528   Section        0  stm32f1xx_hal_rtc.o(i.HAL_RTC_Init)
    i.HAL_RTC_MspInit                        0x080015bc   Section        0  rtc.o(i.HAL_RTC_MspInit)
    i.HAL_RTC_SetDate                        0x08001614   Section        0  stm32f1xx_hal_rtc.o(i.HAL_RTC_SetDate)
    i.HAL_RTC_SetTime                        0x080016d8   Section        0  stm32f1xx_hal_rtc.o(i.HAL_RTC_SetTime)
    i.HAL_RTC_WaitForSynchro                 0x08001784   Section        0  stm32f1xx_hal_rtc.o(i.HAL_RTC_WaitForSynchro)
    i.HAL_SYSTICK_Config                     0x080017be   Section        0  stm32f1xx_hal_cortex.o(i.HAL_SYSTICK_Config)
    i.HAL_UARTEx_RxEventCallback             0x080017e6   Section        0  stm32f1xx_hal_uart.o(i.HAL_UARTEx_RxEventCallback)
    i.HAL_UART_ErrorCallback                 0x080017e8   Section        0  stm32f1xx_hal_uart.o(i.HAL_UART_ErrorCallback)
    i.HAL_UART_IRQHandler                    0x080017ec   Section        0  stm32f1xx_hal_uart.o(i.HAL_UART_IRQHandler)
    i.HAL_UART_Init                          0x08001a58   Section        0  stm32f1xx_hal_uart.o(i.HAL_UART_Init)
    i.HAL_UART_MspInit                       0x08001abc   Section        0  usart.o(i.HAL_UART_MspInit)
    i.HAL_UART_Receive_IT                    0x08001bbc   Section        0  stm32f1xx_hal_uart.o(i.HAL_UART_Receive_IT)
    i.HAL_UART_RxCpltCallback                0x08001bd8   Section        0  main.o(i.HAL_UART_RxCpltCallback)
    i.HAL_UART_Transmit                      0x08001d58   Section        0  stm32f1xx_hal_uart.o(i.HAL_UART_Transmit)
    i.HAL_UART_TxCpltCallback                0x08001df8   Section        0  stm32f1xx_hal_uart.o(i.HAL_UART_TxCpltCallback)
    i.HardFault_Handler                      0x08001dfa   Section        0  stm32f1xx_it.o(i.HardFault_Handler)
    i.I2C1_ER_IRQHandler                     0x08001dfc   Section        0  stm32f1xx_it.o(i.I2C1_ER_IRQHandler)
    i.I2C1_EV_IRQHandler                     0x08001e08   Section        0  stm32f1xx_it.o(i.I2C1_EV_IRQHandler)
    i.I2C_DMAAbort                           0x08001e14   Section        0  stm32f1xx_hal_i2c.o(i.I2C_DMAAbort)
    I2C_DMAAbort                             0x08001e15   Thumb Code   182  stm32f1xx_hal_i2c.o(i.I2C_DMAAbort)
    i.I2C_Flush_DR                           0x08001ed0   Section        0  stm32f1xx_hal_i2c.o(i.I2C_Flush_DR)
    I2C_Flush_DR                             0x08001ed1   Thumb Code    16  stm32f1xx_hal_i2c.o(i.I2C_Flush_DR)
    i.I2C_ITError                            0x08001ee0   Section        0  stm32f1xx_hal_i2c.o(i.I2C_ITError)
    I2C_ITError                              0x08001ee1   Thumb Code   336  stm32f1xx_hal_i2c.o(i.I2C_ITError)
    i.I2C_IsAcknowledgeFailed                0x08002038   Section        0  stm32f1xx_hal_i2c.o(i.I2C_IsAcknowledgeFailed)
    I2C_IsAcknowledgeFailed                  0x08002039   Thumb Code    46  stm32f1xx_hal_i2c.o(i.I2C_IsAcknowledgeFailed)
    i.I2C_MasterReceive_BTF                  0x08002066   Section        0  stm32f1xx_hal_i2c.o(i.I2C_MasterReceive_BTF)
    I2C_MasterReceive_BTF                    0x08002067   Thumb Code   218  stm32f1xx_hal_i2c.o(i.I2C_MasterReceive_BTF)
    i.I2C_MasterReceive_RXNE                 0x08002140   Section        0  stm32f1xx_hal_i2c.o(i.I2C_MasterReceive_RXNE)
    I2C_MasterReceive_RXNE                   0x08002141   Thumb Code   238  stm32f1xx_hal_i2c.o(i.I2C_MasterReceive_RXNE)
    i.I2C_MasterRequestWrite                 0x08002234   Section        0  stm32f1xx_hal_i2c.o(i.I2C_MasterRequestWrite)
    I2C_MasterRequestWrite                   0x08002235   Thumb Code   150  stm32f1xx_hal_i2c.o(i.I2C_MasterRequestWrite)
    i.I2C_MasterTransmit_BTF                 0x080022d0   Section        0  stm32f1xx_hal_i2c.o(i.I2C_MasterTransmit_BTF)
    I2C_MasterTransmit_BTF                   0x080022d1   Thumb Code   130  stm32f1xx_hal_i2c.o(i.I2C_MasterTransmit_BTF)
    i.I2C_MasterTransmit_TXE                 0x08002354   Section        0  stm32f1xx_hal_i2c.o(i.I2C_MasterTransmit_TXE)
    I2C_MasterTransmit_TXE                   0x08002355   Thumb Code   182  stm32f1xx_hal_i2c.o(i.I2C_MasterTransmit_TXE)
    i.I2C_Master_ADDR                        0x0800240c   Section        0  stm32f1xx_hal_i2c.o(i.I2C_Master_ADDR)
    I2C_Master_ADDR                          0x0800240d   Thumb Code   340  stm32f1xx_hal_i2c.o(i.I2C_Master_ADDR)
    i.I2C_Master_SB                          0x08002564   Section        0  stm32f1xx_hal_i2c.o(i.I2C_Master_SB)
    I2C_Master_SB                            0x08002565   Thumb Code   140  stm32f1xx_hal_i2c.o(i.I2C_Master_SB)
    i.I2C_MemoryTransmit_TXE_BTF             0x080025f0   Section        0  stm32f1xx_hal_i2c.o(i.I2C_MemoryTransmit_TXE_BTF)
    I2C_MemoryTransmit_TXE_BTF               0x080025f1   Thumb Code   168  stm32f1xx_hal_i2c.o(i.I2C_MemoryTransmit_TXE_BTF)
    i.I2C_Slave_ADDR                         0x08002698   Section        0  stm32f1xx_hal_i2c.o(i.I2C_Slave_ADDR)
    I2C_Slave_ADDR                           0x08002699   Thumb Code    70  stm32f1xx_hal_i2c.o(i.I2C_Slave_ADDR)
    i.I2C_Slave_AF                           0x080026e0   Section        0  stm32f1xx_hal_i2c.o(i.I2C_Slave_AF)
    I2C_Slave_AF                             0x080026e1   Thumb Code   138  stm32f1xx_hal_i2c.o(i.I2C_Slave_AF)
    i.I2C_Slave_STOPF                        0x08002770   Section        0  stm32f1xx_hal_i2c.o(i.I2C_Slave_STOPF)
    I2C_Slave_STOPF                          0x08002771   Thumb Code   338  stm32f1xx_hal_i2c.o(i.I2C_Slave_STOPF)
    i.I2C_WaitOnBTFFlagUntilTimeout          0x080028cc   Section        0  stm32f1xx_hal_i2c.o(i.I2C_WaitOnBTFFlagUntilTimeout)
    I2C_WaitOnBTFFlagUntilTimeout            0x080028cd   Thumb Code    86  stm32f1xx_hal_i2c.o(i.I2C_WaitOnBTFFlagUntilTimeout)
    i.I2C_WaitOnFlagUntilTimeout             0x08002924   Section        0  stm32f1xx_hal_i2c.o(i.I2C_WaitOnFlagUntilTimeout)
    I2C_WaitOnFlagUntilTimeout               0x08002925   Thumb Code   144  stm32f1xx_hal_i2c.o(i.I2C_WaitOnFlagUntilTimeout)
    i.I2C_WaitOnMasterAddressFlagUntilTimeout 0x080029b4   Section        0  stm32f1xx_hal_i2c.o(i.I2C_WaitOnMasterAddressFlagUntilTimeout)
    I2C_WaitOnMasterAddressFlagUntilTimeout  0x080029b5   Thumb Code   188  stm32f1xx_hal_i2c.o(i.I2C_WaitOnMasterAddressFlagUntilTimeout)
    i.I2C_WaitOnTXEFlagUntilTimeout          0x08002a70   Section        0  stm32f1xx_hal_i2c.o(i.I2C_WaitOnTXEFlagUntilTimeout)
    I2C_WaitOnTXEFlagUntilTimeout            0x08002a71   Thumb Code    86  stm32f1xx_hal_i2c.o(i.I2C_WaitOnTXEFlagUntilTimeout)
    i.LED_Init                               0x08002ac8   Section        0  led.o(i.LED_Init)
    i.LED_Process                            0x08002af8   Section        0  led.o(i.LED_Process)
    i.LED_SetState                           0x08002b7c   Section        0  led.o(i.LED_SetState)
    i.MX_GPIO_Init                           0x08002bb8   Section        0  main.o(i.MX_GPIO_Init)
    MX_GPIO_Init                             0x08002bb9   Thumb Code   102  main.o(i.MX_GPIO_Init)
    i.MX_RTC_Init                            0x08002c2c   Section        0  main.o(i.MX_RTC_Init)
    MX_RTC_Init                              0x08002c2d   Thumb Code    96  main.o(i.MX_RTC_Init)
    i.MemManage_Handler                      0x08002c94   Section        0  stm32f1xx_it.o(i.MemManage_Handler)
    i.NMI_Handler                            0x08002c96   Section        0  stm32f1xx_it.o(i.NMI_Handler)
    i.OLED_Clear                             0x08002c98   Section        0  oled.o(i.OLED_Clear)
    i.OLED_Init                              0x08002cc4   Section        0  oled.o(i.OLED_Init)
    i.OLED_Refresh                           0x08002dd4   Section        0  oled.o(i.OLED_Refresh)
    i.OLED_Set_Pos                           0x08002e28   Section        0  oled.o(i.OLED_Set_Pos)
    i.OLED_ShowCPU                           0x08002e4c   Section        0  oled.o(i.OLED_ShowCPU)
    i.OLED_ShowChar                          0x08002e84   Section        0  oled.o(i.OLED_ShowChar)
    i.OLED_ShowComm                          0x08002ebc   Section        0  oled.o(i.OLED_ShowComm)
    i.OLED_ShowError                         0x08002f1c   Section        0  oled.o(i.OLED_ShowError)
    i.OLED_ShowKeys                          0x08002f44   Section        0  oled.o(i.OLED_ShowKeys)
    i.OLED_ShowLEDs                          0x08002f90   Section        0  oled.o(i.OLED_ShowLEDs)
    i.OLED_ShowNum                           0x08002fec   Section        0  oled.o(i.OLED_ShowNum)
    i.OLED_ShowString                        0x08003052   Section        0  oled.o(i.OLED_ShowString)
    i.OLED_ShowTime                          0x08003082   Section        0  oled.o(i.OLED_ShowTime)
    i.OLED_UpdateDisplay                     0x080030d0   Section        0  oled.o(i.OLED_UpdateDisplay)
    i.OLED_Write_Command                     0x08003170   Section        0  oled.o(i.OLED_Write_Command)
    OLED_Write_Command                       0x08003171   Thumb Code    28  oled.o(i.OLED_Write_Command)
    i.PendSV_Handler                         0x08003190   Section        0  stm32f1xx_it.o(i.PendSV_Handler)
    i.ProcessReceivedFrame                   0x08003194   Section        0  main.o(i.ProcessReceivedFrame)
    i.RTC_Alarm_IRQHandler                   0x0800322c   Section        0  stm32f1xx_it.o(i.RTC_Alarm_IRQHandler)
    i.RTC_Bcd2ToByte                         0x08003238   Section        0  stm32f1xx_hal_rtc.o(i.RTC_Bcd2ToByte)
    RTC_Bcd2ToByte                           0x08003239   Thumb Code    18  stm32f1xx_hal_rtc.o(i.RTC_Bcd2ToByte)
    i.RTC_ByteToBcd2                         0x0800324a   Section        0  stm32f1xx_hal_rtc.o(i.RTC_ByteToBcd2)
    RTC_ByteToBcd2                           0x0800324b   Thumb Code    22  stm32f1xx_hal_rtc.o(i.RTC_ByteToBcd2)
    i.RTC_DateUpdate                         0x08003260   Section        0  stm32f1xx_hal_rtc.o(i.RTC_DateUpdate)
    RTC_DateUpdate                           0x08003261   Thumb Code   174  stm32f1xx_hal_rtc.o(i.RTC_DateUpdate)
    i.RTC_EnterInitMode                      0x0800330e   Section        0  stm32f1xx_hal_rtc.o(i.RTC_EnterInitMode)
    RTC_EnterInitMode                        0x0800330f   Thumb Code    52  stm32f1xx_hal_rtc.o(i.RTC_EnterInitMode)
    i.RTC_ExitInitMode                       0x08003344   Section        0  stm32f1xx_hal_rtc.o(i.RTC_ExitInitMode)
    RTC_ExitInitMode                         0x08003345   Thumb Code    54  stm32f1xx_hal_rtc.o(i.RTC_ExitInitMode)
    i.RTC_IRQHandler                         0x0800337c   Section        0  stm32f1xx_it.o(i.RTC_IRQHandler)
    i.RTC_ReadAlarmCounter                   0x08003388   Section        0  stm32f1xx_hal_rtc.o(i.RTC_ReadAlarmCounter)
    RTC_ReadAlarmCounter                     0x08003389   Thumb Code    14  stm32f1xx_hal_rtc.o(i.RTC_ReadAlarmCounter)
    i.RTC_ReadTimeCounter                    0x08003396   Section        0  stm32f1xx_hal_rtc.o(i.RTC_ReadTimeCounter)
    RTC_ReadTimeCounter                      0x08003397   Thumb Code    32  stm32f1xx_hal_rtc.o(i.RTC_ReadTimeCounter)
    i.RTC_WeekDayNum                         0x080033b6   Section        0  stm32f1xx_hal_rtc.o(i.RTC_WeekDayNum)
    RTC_WeekDayNum                           0x080033b7   Thumb Code    86  stm32f1xx_hal_rtc.o(i.RTC_WeekDayNum)
    i.RTC_WriteAlarmCounter                  0x0800340c   Section        0  stm32f1xx_hal_rtc.o(i.RTC_WriteAlarmCounter)
    RTC_WriteAlarmCounter                    0x0800340d   Thumb Code    40  stm32f1xx_hal_rtc.o(i.RTC_WriteAlarmCounter)
    i.RTC_WriteTimeCounter                   0x08003434   Section        0  stm32f1xx_hal_rtc.o(i.RTC_WriteTimeCounter)
    RTC_WriteTimeCounter                     0x08003435   Thumb Code    40  stm32f1xx_hal_rtc.o(i.RTC_WriteTimeCounter)
    i.SVC_Handler                            0x0800345c   Section        0  stm32f1xx_it.o(i.SVC_Handler)
    i.Set_Comm_Status                        0x08003460   Section        0  sys_status.o(i.Set_Comm_Status)
    i.SysTick_Handler                        0x0800346c   Section        0  stm32f1xx_it.o(i.SysTick_Handler)
    i.Sys_Init                               0x08003470   Section        0  sys_manager.o(i.Sys_Init)
    i.Sys_Run                                0x080034c8   Section        0  sys_manager.o(i.Sys_Run)
    i.Sys_Status_Init                        0x080034e0   Section        0  sys_status.o(i.Sys_Status_Init)
    i.Sys_Update_Status                      0x08003500   Section        0  sys_manager.o(i.Sys_Update_Status)
    i.SystemClock_Config                     0x08003538   Section        0  main.o(i.SystemClock_Config)
    i.SystemInit                             0x080035b8   Section        0  system_stm32f1xx.o(i.SystemInit)
    i.UART_DMAAbortOnError                   0x080035ba   Section        0  stm32f1xx_hal_uart.o(i.UART_DMAAbortOnError)
    UART_DMAAbortOnError                     0x080035bb   Thumb Code    16  stm32f1xx_hal_uart.o(i.UART_DMAAbortOnError)
    i.UART_EndRxTransfer                     0x080035ca   Section        0  stm32f1xx_hal_uart.o(i.UART_EndRxTransfer)
    UART_EndRxTransfer                       0x080035cb   Thumb Code    78  stm32f1xx_hal_uart.o(i.UART_EndRxTransfer)
    i.UART_Receive_IT                        0x08003618   Section        0  stm32f1xx_hal_uart.o(i.UART_Receive_IT)
    UART_Receive_IT                          0x08003619   Thumb Code   194  stm32f1xx_hal_uart.o(i.UART_Receive_IT)
    i.UART_SetConfig                         0x080036dc   Section        0  stm32f1xx_hal_uart.o(i.UART_SetConfig)
    UART_SetConfig                           0x080036dd   Thumb Code   178  stm32f1xx_hal_uart.o(i.UART_SetConfig)
    i.UART_Start_Receive_IT                  0x08003794   Section        0  stm32f1xx_hal_uart.o(i.UART_Start_Receive_IT)
    i.UART_WaitOnFlagUntilTimeout            0x080037ca   Section        0  stm32f1xx_hal_uart.o(i.UART_WaitOnFlagUntilTimeout)
    UART_WaitOnFlagUntilTimeout              0x080037cb   Thumb Code   114  stm32f1xx_hal_uart.o(i.UART_WaitOnFlagUntilTimeout)
    i.USART1_IRQHandler                      0x0800383c   Section        0  stm32f1xx_it.o(i.USART1_IRQHandler)
    i.USART1_Init                            0x08003848   Section        0  main.o(i.USART1_Init)
    i.USART3_IRQHandler                      0x080038f0   Section        0  stm32f1xx_it.o(i.USART3_IRQHandler)
    i.Update_Idle_Time                       0x080038fc   Section        0  sys_status.o(i.Update_Idle_Time)
    i.UsageFault_Handler                     0x0800390c   Section        0  stm32f1xx_it.o(i.UsageFault_Handler)
    i.__0printf$8                            0x08003910   Section        0  printf8.o(i.__0printf$8)
    i.__NVIC_SetPriority                     0x08003930   Section        0  stm32f1xx_hal_cortex.o(i.__NVIC_SetPriority)
    __NVIC_SetPriority                       0x08003931   Thumb Code    32  stm32f1xx_hal_cortex.o(i.__NVIC_SetPriority)
    i.__scatterload_copy                     0x08003950   Section       14  handlers.o(i.__scatterload_copy)
    i.__scatterload_null                     0x0800395e   Section        2  handlers.o(i.__scatterload_null)
    i.__scatterload_zeroinit                 0x08003960   Section       14  handlers.o(i.__scatterload_zeroinit)
    i._printf_core                           0x08003970   Section        0  printf8.o(i._printf_core)
    _printf_core                             0x08003971   Thumb Code   984  printf8.o(i._printf_core)
    i._printf_post_padding                   0x08003d74   Section        0  printf8.o(i._printf_post_padding)
    _printf_post_padding                     0x08003d75   Thumb Code    36  printf8.o(i._printf_post_padding)
    i._printf_pre_padding                    0x08003d98   Section        0  printf8.o(i._printf_pre_padding)
    _printf_pre_padding                      0x08003d99   Thumb Code    46  printf8.o(i._printf_pre_padding)
    i.fputc                                  0x08003dc8   Section        0  usart.o(i.fputc)
    i.main                                   0x08003de0   Section        0  main.o(i.main)
    i.oled_pow                               0x08004070   Section        0  oled.o(i.oled_pow)
    .constdata                               0x08004080   Section      576  oled.o(.constdata)
    .constdata                               0x080042c0   Section       18  stm32f1xx_hal_rcc.o(.constdata)
    aPredivFactorTable                       0x080042c0   Data           2  stm32f1xx_hal_rcc.o(.constdata)
    aPLLMULFactorTable                       0x080042c2   Data          16  stm32f1xx_hal_rcc.o(.constdata)
    .constdata                               0x080042d2   Section       18  stm32f1xx_hal_rcc_ex.o(.constdata)
    aPredivFactorTable                       0x080042d2   Data           2  stm32f1xx_hal_rcc_ex.o(.constdata)
    aPLLMULFactorTable                       0x080042d4   Data          16  stm32f1xx_hal_rcc_ex.o(.constdata)
    .constdata                               0x080042e4   Section       16  system_stm32f1xx.o(.constdata)
    .constdata                               0x080042f4   Section        8  system_stm32f1xx.o(.constdata)
    .data                                    0x20000000   Section       48  led.o(.data)
    leds                                     0x20000000   Data          48  led.o(.data)
    .data                                    0x20000030   Section        4  oled.o(.data)
    last_update                              0x20000030   Data           4  oled.o(.data)
    .data                                    0x20000034   Section        4  sys_manager.o(.data)
    last_update                              0x20000034   Data           4  sys_manager.o(.data)
    .data                                    0x20000038   Section       20  sys_status.o(.data)
    cpu_usage                                0x20000038   Data           1  sys_status.o(.data)
    key_status                               0x20000039   Data           1  sys_status.o(.data)
    comm_status                              0x2000003a   Data           1  sys_status.o(.data)
    error_count                              0x2000003c   Data           2  sys_status.o(.data)
    last_tick                                0x20000040   Data           4  sys_status.o(.data)
    idle_time                                0x20000044   Data           4  sys_status.o(.data)
    total_time                               0x20000048   Data           4  sys_status.o(.data)
    .data                                    0x2000004c   Section        4  main.o(.data)
    .data                                    0x20000050   Section       12  stm32f1xx_hal.o(.data)
    .data                                    0x2000005c   Section        4  system_stm32f1xx.o(.data)
    .data                                    0x20000060   Section        4  stdout.o(.data)
    .bss                                     0x20000064   Section     1024  oled.o(.bss)
    .bss                                     0x20000464   Section      256  main.o(.bss)
    .bss                                     0x20000564   Section       84  i2c.o(.bss)
    .bss                                     0x200005b8   Section       20  rtc.o(.bss)
    .bss                                     0x200005cc   Section      144  usart.o(.bss)
    STACK                                    0x20000660   Section     1024  startup_stm32f103xb.o(STACK)

    Global Symbols

    Symbol Name                              Value     Ov Type        Size  Object(Section)

    BuildAttributes$$THM_ISAv4$P$D$K$B$S$PE$A:L22UL41UL21$X:L11$S22US41US21$IEEE1$IW$USESV6$~STKCKD$USESV7$~SHL$OSPACE$ROPI$EBA8$MICROLIB$REQ8$PRES8$EABIv2 0x00000000   Number         0  anon$$obj.o ABSOLUTE
    __ARM_use_no_argv                        0x00000000   Number         0  main.o ABSOLUTE
    _printf_a                                0x00000000   Number         0  stubs.o ABSOLUTE
    _printf_c                                0x00000000   Number         0  stubs.o ABSOLUTE
    _printf_charcount                        0x00000000   Number         0  stubs.o ABSOLUTE
    _printf_d                                0x00000000   Number         0  stubs.o ABSOLUTE
    _printf_e                                0x00000000   Number         0  stubs.o ABSOLUTE
    _printf_f                                0x00000000   Number         0  stubs.o ABSOLUTE
    _printf_flags                            0x00000000   Number         0  stubs.o ABSOLUTE
    _printf_fp_dec                           0x00000000   Number         0  stubs.o ABSOLUTE
    _printf_fp_hex                           0x00000000   Number         0  stubs.o ABSOLUTE
    _printf_g                                0x00000000   Number         0  stubs.o ABSOLUTE
    _printf_i                                0x00000000   Number         0  stubs.o ABSOLUTE
    _printf_int_dec                          0x00000000   Number         0  stubs.o ABSOLUTE
    _printf_l                                0x00000000   Number         0  stubs.o ABSOLUTE
    _printf_lc                               0x00000000   Number         0  stubs.o ABSOLUTE
    _printf_ll                               0x00000000   Number         0  stubs.o ABSOLUTE
    _printf_lld                              0x00000000   Number         0  stubs.o ABSOLUTE
    _printf_lli                              0x00000000   Number         0  stubs.o ABSOLUTE
    _printf_llo                              0x00000000   Number         0  stubs.o ABSOLUTE
    _printf_llu                              0x00000000   Number         0  stubs.o ABSOLUTE
    _printf_llx                              0x00000000   Number         0  stubs.o ABSOLUTE
    _printf_longlong_dec                     0x00000000   Number         0  stubs.o ABSOLUTE
    _printf_longlong_hex                     0x00000000   Number         0  stubs.o ABSOLUTE
    _printf_longlong_oct                     0x00000000   Number         0  stubs.o ABSOLUTE
    _printf_ls                               0x00000000   Number         0  stubs.o ABSOLUTE
    _printf_mbtowc                           0x00000000   Number         0  stubs.o ABSOLUTE
    _printf_n                                0x00000000   Number         0  stubs.o ABSOLUTE
    _printf_o                                0x00000000   Number         0  stubs.o ABSOLUTE
    _printf_p                                0x00000000   Number         0  stubs.o ABSOLUTE
    _printf_percent                          0x00000000   Number         0  stubs.o ABSOLUTE
    _printf_pre_padding                      0x00000000   Number         0  stubs.o ABSOLUTE
    _printf_return_value                     0x00000000   Number         0  stubs.o ABSOLUTE
    _printf_s                                0x00000000   Number         0  stubs.o ABSOLUTE
    _printf_sizespec                         0x00000000   Number         0  stubs.o ABSOLUTE
    _printf_str                              0x00000000   Number         0  stubs.o ABSOLUTE
    _printf_truncate_signed                  0x00000000   Number         0  stubs.o ABSOLUTE
    _printf_truncate_unsigned                0x00000000   Number         0  stubs.o ABSOLUTE
    _printf_u                                0x00000000   Number         0  stubs.o ABSOLUTE
    _printf_wc                               0x00000000   Number         0  stubs.o ABSOLUTE
    _printf_wctomb                           0x00000000   Number         0  stubs.o ABSOLUTE
    _printf_widthprec                        0x00000000   Number         0  stubs.o ABSOLUTE
    _printf_x                                0x00000000   Number         0  stubs.o ABSOLUTE
    __arm_fini_                               - Undefined Weak Reference
    __cpp_initialize__aeabi_                  - Undefined Weak Reference
    __cxa_finalize                            - Undefined Weak Reference
    __decompress                              - Undefined Weak Reference
    _clock_init                               - Undefined Weak Reference
    _microlib_exit                            - Undefined Weak Reference
    __Vectors_Size                           0x000000ec   Number         0  startup_stm32f103xb.o ABSOLUTE
    __Vectors                                0x08000000   Data           4  startup_stm32f103xb.o(RESET)
    __Vectors_End                            0x080000ec   Data           0  startup_stm32f103xb.o(RESET)
    __main                                   0x080000ed   Thumb Code     0  entry.o(.ARM.Collect$$$$00000000)
    _main_stk                                0x080000ed   Thumb Code     0  entry2.o(.ARM.Collect$$$$00000001)
    _main_scatterload                        0x080000f1   Thumb Code     0  entry5.o(.ARM.Collect$$$$00000004)
    __main_after_scatterload                 0x080000f5   Thumb Code     0  entry5.o(.ARM.Collect$$$$00000004)
    _main_clock                              0x080000f5   Thumb Code     0  entry7b.o(.ARM.Collect$$$$00000008)
    _main_cpp_init                           0x080000f5   Thumb Code     0  entry8b.o(.ARM.Collect$$$$0000000A)
    _main_init                               0x080000f5   Thumb Code     0  entry9a.o(.ARM.Collect$$$$0000000B)
    __rt_lib_shutdown_fini                   0x080000fd   Thumb Code     0  entry12b.o(.ARM.Collect$$$$0000000E)
    __rt_final_cpp                           0x08000101   Thumb Code     0  entry10a.o(.ARM.Collect$$$$0000000F)
    __rt_final_exit                          0x08000101   Thumb Code     0  entry11a.o(.ARM.Collect$$$$00000011)
    Reset_Handler                            0x08000105   Thumb Code     8  startup_stm32f103xb.o(.text)
    ADC1_2_IRQHandler                        0x0800011f   Thumb Code     0  startup_stm32f103xb.o(.text)
    CAN1_RX1_IRQHandler                      0x0800011f   Thumb Code     0  startup_stm32f103xb.o(.text)
    CAN1_SCE_IRQHandler                      0x0800011f   Thumb Code     0  startup_stm32f103xb.o(.text)
    DMA1_Channel1_IRQHandler                 0x0800011f   Thumb Code     0  startup_stm32f103xb.o(.text)
    DMA1_Channel2_IRQHandler                 0x0800011f   Thumb Code     0  startup_stm32f103xb.o(.text)
    DMA1_Channel3_IRQHandler                 0x0800011f   Thumb Code     0  startup_stm32f103xb.o(.text)
    DMA1_Channel4_IRQHandler                 0x0800011f   Thumb Code     0  startup_stm32f103xb.o(.text)
    DMA1_Channel5_IRQHandler                 0x0800011f   Thumb Code     0  startup_stm32f103xb.o(.text)
    DMA1_Channel6_IRQHandler                 0x0800011f   Thumb Code     0  startup_stm32f103xb.o(.text)
    DMA1_Channel7_IRQHandler                 0x0800011f   Thumb Code     0  startup_stm32f103xb.o(.text)
    EXTI0_IRQHandler                         0x0800011f   Thumb Code     0  startup_stm32f103xb.o(.text)
    EXTI15_10_IRQHandler                     0x0800011f   Thumb Code     0  startup_stm32f103xb.o(.text)
    EXTI1_IRQHandler                         0x0800011f   Thumb Code     0  startup_stm32f103xb.o(.text)
    EXTI2_IRQHandler                         0x0800011f   Thumb Code     0  startup_stm32f103xb.o(.text)
    EXTI3_IRQHandler                         0x0800011f   Thumb Code     0  startup_stm32f103xb.o(.text)
    EXTI4_IRQHandler                         0x0800011f   Thumb Code     0  startup_stm32f103xb.o(.text)
    EXTI9_5_IRQHandler                       0x0800011f   Thumb Code     0  startup_stm32f103xb.o(.text)
    FLASH_IRQHandler                         0x0800011f   Thumb Code     0  startup_stm32f103xb.o(.text)
    I2C2_ER_IRQHandler                       0x0800011f   Thumb Code     0  startup_stm32f103xb.o(.text)
    I2C2_EV_IRQHandler                       0x0800011f   Thumb Code     0  startup_stm32f103xb.o(.text)
    PVD_IRQHandler                           0x0800011f   Thumb Code     0  startup_stm32f103xb.o(.text)
    RCC_IRQHandler                           0x0800011f   Thumb Code     0  startup_stm32f103xb.o(.text)
    SPI1_IRQHandler                          0x0800011f   Thumb Code     0  startup_stm32f103xb.o(.text)
    SPI2_IRQHandler                          0x0800011f   Thumb Code     0  startup_stm32f103xb.o(.text)
    TAMPER_IRQHandler                        0x0800011f   Thumb Code     0  startup_stm32f103xb.o(.text)
    TIM1_BRK_IRQHandler                      0x0800011f   Thumb Code     0  startup_stm32f103xb.o(.text)
    TIM1_CC_IRQHandler                       0x0800011f   Thumb Code     0  startup_stm32f103xb.o(.text)
    TIM1_TRG_COM_IRQHandler                  0x0800011f   Thumb Code     0  startup_stm32f103xb.o(.text)
    TIM1_UP_IRQHandler                       0x0800011f   Thumb Code     0  startup_stm32f103xb.o(.text)
    TIM2_IRQHandler                          0x0800011f   Thumb Code     0  startup_stm32f103xb.o(.text)
    TIM3_IRQHandler                          0x0800011f   Thumb Code     0  startup_stm32f103xb.o(.text)
    TIM4_IRQHandler                          0x0800011f   Thumb Code     0  startup_stm32f103xb.o(.text)
    USART2_IRQHandler                        0x0800011f   Thumb Code     0  startup_stm32f103xb.o(.text)
    USBWakeUp_IRQHandler                     0x0800011f   Thumb Code     0  startup_stm32f103xb.o(.text)
    USB_HP_CAN1_TX_IRQHandler                0x0800011f   Thumb Code     0  startup_stm32f103xb.o(.text)
    USB_LP_CAN1_RX0_IRQHandler               0x0800011f   Thumb Code     0  startup_stm32f103xb.o(.text)
    WWDG_IRQHandler                          0x0800011f   Thumb Code     0  startup_stm32f103xb.o(.text)
    __aeabi_llsr                             0x08000129   Thumb Code    32  llushr.o(.text)
    _ll_ushift_r                             0x08000129   Thumb Code     0  llushr.o(.text)
    __aeabi_memset                           0x08000149   Thumb Code    14  memseta.o(.text)
    __aeabi_memset4                          0x08000149   Thumb Code     0  memseta.o(.text)
    __aeabi_memset8                          0x08000149   Thumb Code     0  memseta.o(.text)
    __aeabi_memclr                           0x08000157   Thumb Code     4  memseta.o(.text)
    __aeabi_memclr4                          0x08000157   Thumb Code     0  memseta.o(.text)
    __aeabi_memclr8                          0x08000157   Thumb Code     0  memseta.o(.text)
    _memset$wrapper                          0x0800015b   Thumb Code    18  memseta.o(.text)
    __aeabi_uldivmod                         0x0800016d   Thumb Code    98  uldiv.o(.text)
    __scatterload                            0x080001d1   Thumb Code    28  init.o(.text)
    __scatterload_rt2                        0x080001d1   Thumb Code     0  init.o(.text)
    __aeabi_llsl                             0x080001f5   Thumb Code    30  llshl.o(.text)
    _ll_shift_l                              0x080001f5   Thumb Code     0  llshl.o(.text)
    BusFault_Handler                         0x08000213   Thumb Code     2  stm32f1xx_it.o(i.BusFault_Handler)
    DebugMon_Handler                         0x08000215   Thumb Code     2  stm32f1xx_it.o(i.DebugMon_Handler)
    Get_CPU_Usage                            0x08000219   Thumb Code    44  sys_status.o(i.Get_CPU_Usage)
    Get_Comm_Status                          0x08000249   Thumb Code     6  sys_status.o(i.Get_Comm_Status)
    Get_Error_Count                          0x08000255   Thumb Code     6  sys_status.o(i.Get_Error_Count)
    Get_Key_Status                           0x08000261   Thumb Code    60  sys_status.o(i.Get_Key_Status)
    Get_LED_Status                           0x080002a5   Thumb Code    50  sys_status.o(i.Get_LED_Status)
    HAL_DMA_Abort                            0x080002dd   Thumb Code    70  stm32f1xx_hal_dma.o(i.HAL_DMA_Abort)
    HAL_DMA_Abort_IT                         0x08000325   Thumb Code   148  stm32f1xx_hal_dma.o(i.HAL_DMA_Abort_IT)
    HAL_DMA_GetState                         0x080003bd   Thumb Code     6  stm32f1xx_hal_dma.o(i.HAL_DMA_GetState)
    HAL_Delay                                0x080003c5   Thumb Code    32  stm32f1xx_hal.o(i.HAL_Delay)
    HAL_GPIO_Init                            0x080003e9   Thumb Code   446  stm32f1xx_hal_gpio.o(i.HAL_GPIO_Init)
    HAL_GPIO_ReadPin                         0x080005c9   Thumb Code    10  stm32f1xx_hal_gpio.o(i.HAL_GPIO_ReadPin)
    HAL_GPIO_TogglePin                       0x080005d3   Thumb Code    16  stm32f1xx_hal_gpio.o(i.HAL_GPIO_TogglePin)
    HAL_GPIO_WritePin                        0x080005e3   Thumb Code    10  stm32f1xx_hal_gpio.o(i.HAL_GPIO_WritePin)
    HAL_GetTick                              0x080005ed   Thumb Code     6  stm32f1xx_hal.o(i.HAL_GetTick)
    HAL_I2C_AbortCpltCallback                0x080005f9   Thumb Code     2  stm32f1xx_hal_i2c.o(i.HAL_I2C_AbortCpltCallback)
    HAL_I2C_AddrCallback                     0x080005fb   Thumb Code     2  stm32f1xx_hal_i2c.o(i.HAL_I2C_AddrCallback)
    HAL_I2C_ER_IRQHandler                    0x080005fd   Thumb Code   196  stm32f1xx_hal_i2c.o(i.HAL_I2C_ER_IRQHandler)
    HAL_I2C_EV_IRQHandler                    0x080006c1   Thumb Code   560  stm32f1xx_hal_i2c.o(i.HAL_I2C_EV_IRQHandler)
    HAL_I2C_ErrorCallback                    0x080008f1   Thumb Code     2  stm32f1xx_hal_i2c.o(i.HAL_I2C_ErrorCallback)
    HAL_I2C_Init                             0x080008f5   Thumb Code   376  stm32f1xx_hal_i2c.o(i.HAL_I2C_Init)
    HAL_I2C_ListenCpltCallback               0x08000a7d   Thumb Code     2  stm32f1xx_hal_i2c.o(i.HAL_I2C_ListenCpltCallback)
    HAL_I2C_MasterRxCpltCallback             0x08000a7f   Thumb Code     2  stm32f1xx_hal_i2c.o(i.HAL_I2C_MasterRxCpltCallback)
    HAL_I2C_MasterTxCpltCallback             0x08000a81   Thumb Code     2  stm32f1xx_hal_i2c.o(i.HAL_I2C_MasterTxCpltCallback)
    HAL_I2C_Master_Transmit                  0x08000a85   Thumb Code   290  stm32f1xx_hal_i2c.o(i.HAL_I2C_Master_Transmit)
    HAL_I2C_MemRxCpltCallback                0x08000bb1   Thumb Code     2  stm32f1xx_hal_i2c.o(i.HAL_I2C_MemRxCpltCallback)
    HAL_I2C_MemTxCpltCallback                0x08000bb3   Thumb Code     2  stm32f1xx_hal_i2c.o(i.HAL_I2C_MemTxCpltCallback)
    HAL_I2C_MspInit                          0x08000bb5   Thumb Code   112  i2c.o(i.HAL_I2C_MspInit)
    HAL_I2C_SlaveRxCpltCallback              0x08000c31   Thumb Code     2  stm32f1xx_hal_i2c.o(i.HAL_I2C_SlaveRxCpltCallback)
    HAL_I2C_SlaveTxCpltCallback              0x08000c33   Thumb Code     2  stm32f1xx_hal_i2c.o(i.HAL_I2C_SlaveTxCpltCallback)
    HAL_IncTick                              0x08000c35   Thumb Code    12  stm32f1xx_hal.o(i.HAL_IncTick)
    HAL_Init                                 0x08000c45   Thumb Code    32  stm32f1xx_hal.o(i.HAL_Init)
    HAL_InitTick                             0x08000c69   Thumb Code    54  stm32f1xx_hal.o(i.HAL_InitTick)
    HAL_MspInit                              0x08000ca9   Thumb Code    52  stm32f1xx_hal_msp.o(i.HAL_MspInit)
    HAL_NVIC_EnableIRQ                       0x08000ce5   Thumb Code    26  stm32f1xx_hal_cortex.o(i.HAL_NVIC_EnableIRQ)
    HAL_NVIC_SetPriority                     0x08000d01   Thumb Code    60  stm32f1xx_hal_cortex.o(i.HAL_NVIC_SetPriority)
    HAL_NVIC_SetPriorityGrouping             0x08000d41   Thumb Code    26  stm32f1xx_hal_cortex.o(i.HAL_NVIC_SetPriorityGrouping)
    HAL_PWR_EnableBkUpAccess                 0x08000d65   Thumb Code     8  stm32f1xx_hal_pwr.o(i.HAL_PWR_EnableBkUpAccess)
    HAL_RCCEx_GetPeriphCLKFreq               0x08000d71   Thumb Code   148  stm32f1xx_hal_rcc_ex.o(i.HAL_RCCEx_GetPeriphCLKFreq)
    HAL_RCCEx_PeriphCLKConfig                0x08000e15   Thumb Code   224  stm32f1xx_hal_rcc_ex.o(i.HAL_RCCEx_PeriphCLKConfig)
    HAL_RCC_ClockConfig                      0x08000f01   Thumb Code   280  stm32f1xx_hal_rcc.o(i.HAL_RCC_ClockConfig)
    HAL_RCC_GetPCLK1Freq                     0x0800102d   Thumb Code    20  stm32f1xx_hal_rcc.o(i.HAL_RCC_GetPCLK1Freq)
    HAL_RCC_GetPCLK2Freq                     0x0800104d   Thumb Code    20  stm32f1xx_hal_rcc.o(i.HAL_RCC_GetPCLK2Freq)
    HAL_RCC_GetSysClockFreq                  0x0800106d   Thumb Code    58  stm32f1xx_hal_rcc.o(i.HAL_RCC_GetSysClockFreq)
    HAL_RCC_OscConfig                        0x080010b9   Thumb Code   778  stm32f1xx_hal_rcc.o(i.HAL_RCC_OscConfig)
    HAL_RTCEx_RTCEventCallback               0x080013d9   Thumb Code     2  stm32f1xx_hal_rtc_ex.o(i.HAL_RTCEx_RTCEventCallback)
    HAL_RTCEx_RTCEventErrorCallback          0x080013db   Thumb Code     2  stm32f1xx_hal_rtc_ex.o(i.HAL_RTCEx_RTCEventErrorCallback)
    HAL_RTCEx_RTCIRQHandler                  0x080013dd   Thumb Code    62  stm32f1xx_hal_rtc_ex.o(i.HAL_RTCEx_RTCIRQHandler)
    HAL_RTC_AlarmAEventCallback              0x0800141b   Thumb Code     2  stm32f1xx_hal_rtc.o(i.HAL_RTC_AlarmAEventCallback)
    HAL_RTC_AlarmIRQHandler                  0x0800141d   Thumb Code    48  stm32f1xx_hal_rtc.o(i.HAL_RTC_AlarmIRQHandler)
    HAL_RTC_GetTime                          0x08001451   Thumb Code   216  stm32f1xx_hal_rtc.o(i.HAL_RTC_GetTime)
    HAL_RTC_Init                             0x08001529   Thumb Code   144  stm32f1xx_hal_rtc.o(i.HAL_RTC_Init)
    HAL_RTC_MspInit                          0x080015bd   Thumb Code    76  rtc.o(i.HAL_RTC_MspInit)
    HAL_RTC_SetDate                          0x08001615   Thumb Code   192  stm32f1xx_hal_rtc.o(i.HAL_RTC_SetDate)
    HAL_RTC_SetTime                          0x080016d9   Thumb Code   168  stm32f1xx_hal_rtc.o(i.HAL_RTC_SetTime)
    HAL_RTC_WaitForSynchro                   0x08001785   Thumb Code    58  stm32f1xx_hal_rtc.o(i.HAL_RTC_WaitForSynchro)
    HAL_SYSTICK_Config                       0x080017bf   Thumb Code    40  stm32f1xx_hal_cortex.o(i.HAL_SYSTICK_Config)
    HAL_UARTEx_RxEventCallback               0x080017e7   Thumb Code     2  stm32f1xx_hal_uart.o(i.HAL_UARTEx_RxEventCallback)
    HAL_UART_ErrorCallback                   0x080017e9   Thumb Code     2  stm32f1xx_hal_uart.o(i.HAL_UART_ErrorCallback)
    HAL_UART_IRQHandler                      0x080017ed   Thumb Code   616  stm32f1xx_hal_uart.o(i.HAL_UART_IRQHandler)
    HAL_UART_Init                            0x08001a59   Thumb Code   100  stm32f1xx_hal_uart.o(i.HAL_UART_Init)
    HAL_UART_MspInit                         0x08001abd   Thumb Code   234  usart.o(i.HAL_UART_MspInit)
    HAL_UART_Receive_IT                      0x08001bbd   Thumb Code    28  stm32f1xx_hal_uart.o(i.HAL_UART_Receive_IT)
    HAL_UART_RxCpltCallback                  0x08001bd9   Thumb Code   188  main.o(i.HAL_UART_RxCpltCallback)
    HAL_UART_Transmit                        0x08001d59   Thumb Code   160  stm32f1xx_hal_uart.o(i.HAL_UART_Transmit)
    HAL_UART_TxCpltCallback                  0x08001df9   Thumb Code     2  stm32f1xx_hal_uart.o(i.HAL_UART_TxCpltCallback)
    HardFault_Handler                        0x08001dfb   Thumb Code     2  stm32f1xx_it.o(i.HardFault_Handler)
    I2C1_ER_IRQHandler                       0x08001dfd   Thumb Code     6  stm32f1xx_it.o(i.I2C1_ER_IRQHandler)
    I2C1_EV_IRQHandler                       0x08001e09   Thumb Code     6  stm32f1xx_it.o(i.I2C1_EV_IRQHandler)
    LED_Init                                 0x08002ac9   Thumb Code    44  led.o(i.LED_Init)
    LED_Process                              0x08002af9   Thumb Code   126  led.o(i.LED_Process)
    LED_SetState                             0x08002b7d   Thumb Code    54  led.o(i.LED_SetState)
    MemManage_Handler                        0x08002c95   Thumb Code     2  stm32f1xx_it.o(i.MemManage_Handler)
    NMI_Handler                              0x08002c97   Thumb Code     2  stm32f1xx_it.o(i.NMI_Handler)
    OLED_Clear                               0x08002c99   Thumb Code    38  oled.o(i.OLED_Clear)
    OLED_Init                                0x08002cc5   Thumb Code   270  oled.o(i.OLED_Init)
    OLED_Refresh                             0x08002dd5   Thumb Code    72  oled.o(i.OLED_Refresh)
    OLED_Set_Pos                             0x08002e29   Thumb Code    34  oled.o(i.OLED_Set_Pos)
    OLED_ShowCPU                             0x08002e4d   Thumb Code    46  oled.o(i.OLED_ShowCPU)
    OLED_ShowChar                            0x08002e85   Thumb Code    48  oled.o(i.OLED_ShowChar)
    OLED_ShowComm                            0x08002ebd   Thumb Code    56  oled.o(i.OLED_ShowComm)
    OLED_ShowError                           0x08002f1d   Thumb Code    32  oled.o(i.OLED_ShowError)
    OLED_ShowKeys                            0x08002f45   Thumb Code    66  oled.o(i.OLED_ShowKeys)
    OLED_ShowLEDs                            0x08002f91   Thumb Code    82  oled.o(i.OLED_ShowLEDs)
    OLED_ShowNum                             0x08002fed   Thumb Code   102  oled.o(i.OLED_ShowNum)
    OLED_ShowString                          0x08003053   Thumb Code    48  oled.o(i.OLED_ShowString)
    OLED_ShowTime                            0x08003083   Thumb Code    78  oled.o(i.OLED_ShowTime)
    OLED_UpdateDisplay                       0x080030d1   Thumb Code   136  oled.o(i.OLED_UpdateDisplay)
    PendSV_Handler                           0x08003191   Thumb Code     2  stm32f1xx_it.o(i.PendSV_Handler)
    ProcessReceivedFrame                     0x08003195   Thumb Code    80  main.o(i.ProcessReceivedFrame)
    RTC_Alarm_IRQHandler                     0x0800322d   Thumb Code     6  stm32f1xx_it.o(i.RTC_Alarm_IRQHandler)
    RTC_IRQHandler                           0x0800337d   Thumb Code     6  stm32f1xx_it.o(i.RTC_IRQHandler)
    SVC_Handler                              0x0800345d   Thumb Code     2  stm32f1xx_it.o(i.SVC_Handler)
    Set_Comm_Status                          0x08003461   Thumb Code     6  sys_status.o(i.Set_Comm_Status)
    SysTick_Handler                          0x0800346d   Thumb Code     4  stm32f1xx_it.o(i.SysTick_Handler)
    Sys_Init                                 0x08003471   Thumb Code    82  sys_manager.o(i.Sys_Init)
    Sys_Run                                  0x080034c9   Thumb Code    22  sys_manager.o(i.Sys_Run)
    Sys_Status_Init                          0x080034e1   Thumb Code    26  sys_status.o(i.Sys_Status_Init)
    Sys_Update_Status                        0x08003501   Thumb Code    52  sys_manager.o(i.Sys_Update_Status)
    SystemClock_Config                       0x08003539   Thumb Code   128  main.o(i.SystemClock_Config)
    SystemInit                               0x080035b9   Thumb Code     2  system_stm32f1xx.o(i.SystemInit)
    UART_Start_Receive_IT                    0x08003795   Thumb Code    54  stm32f1xx_hal_uart.o(i.UART_Start_Receive_IT)
    USART1_IRQHandler                        0x0800383d   Thumb Code     6  stm32f1xx_it.o(i.USART1_IRQHandler)
    USART1_Init                              0x08003849   Thumb Code   148  main.o(i.USART1_Init)
    USART3_IRQHandler                        0x080038f1   Thumb Code     6  stm32f1xx_it.o(i.USART3_IRQHandler)
    Update_Idle_Time                         0x080038fd   Thumb Code    10  sys_status.o(i.Update_Idle_Time)
    UsageFault_Handler                       0x0800390d   Thumb Code     2  stm32f1xx_it.o(i.UsageFault_Handler)
    __0printf$8                              0x08003911   Thumb Code    22  printf8.o(i.__0printf$8)
    __1printf$8                              0x08003911   Thumb Code     0  printf8.o(i.__0printf$8)
    __2printf                                0x08003911   Thumb Code     0  printf8.o(i.__0printf$8)
    __scatterload_copy                       0x08003951   Thumb Code    14  handlers.o(i.__scatterload_copy)
    __scatterload_null                       0x0800395f   Thumb Code     2  handlers.o(i.__scatterload_null)
    __scatterload_zeroinit                   0x08003961   Thumb Code    14  handlers.o(i.__scatterload_zeroinit)
    fputc                                    0x08003dc9   Thumb Code    20  usart.o(i.fputc)
    main                                     0x08003de1   Thumb Code   216  main.o(i.main)
    oled_pow                                 0x08004071   Thumb Code    16  oled.o(i.oled_pow)
    F6x8                                     0x08004080   Data         576  oled.o(.constdata)
    AHBPrescTable                            0x080042e4   Data          16  system_stm32f1xx.o(.constdata)
    APBPrescTable                            0x080042f4   Data           8  system_stm32f1xx.o(.constdata)
    Region$$Table$$Base                      0x080042fc   Number         0  anon$$obj.o(Region$$Table)
    Region$$Table$$Limit                     0x0800431c   Number         0  anon$$obj.o(Region$$Table)
    rxIndex                                  0x2000004c   Data           1  main.o(.data)
    rxState                                  0x2000004d   Data           1  main.o(.data)
    dataLength                               0x2000004e   Data           1  main.o(.data)
    dataIndex                                0x2000004f   Data           1  main.o(.data)
    uwTickFreq                               0x20000050   Data           1  stm32f1xx_hal.o(.data)
    uwTickPrio                               0x20000054   Data           4  stm32f1xx_hal.o(.data)
    uwTick                                   0x20000058   Data           4  stm32f1xx_hal.o(.data)
    SystemCoreClock                          0x2000005c   Data           4  system_stm32f1xx.o(.data)
    __stdout                                 0x20000060   Data           4  stdout.o(.data)
    OLED_GRAM                                0x20000064   Data        1024  oled.o(.bss)
    rxBuffer                                 0x20000464   Data         256  main.o(.bss)
    hi2c1                                    0x20000564   Data          84  i2c.o(.bss)
    hrtc                                     0x200005b8   Data          20  rtc.o(.bss)
    huart1                                   0x200005cc   Data          72  usart.o(.bss)
    huart3                                   0x20000614   Data          72  usart.o(.bss)
    __initial_sp                             0x20000a60   Data           0  startup_stm32f103xb.o(STACK)



==============================================================================

Memory Map of the image

  Image Entry point : 0x080000ed

  Load Region LR_IROM1 (Base: 0x08000000, Size: 0x00004380, Max: 0x00010000, ABSOLUTE)

    Execution Region ER_IROM1 (Exec base: 0x08000000, Load base: 0x08000000, Size: 0x0000431c, Max: 0x00010000, ABSOLUTE)

    Exec Addr    Load Addr    Size         Type   Attr      Idx    E Section Name        Object

    0x08000000   0x08000000   0x000000ec   Data   RO            3    RESET               startup_stm32f103xb.o
    0x080000ec   0x080000ec   0x00000000   Code   RO         2954  * .ARM.Collect$$$$00000000  mc_w.l(entry.o)
    0x080000ec   0x080000ec   0x00000004   Code   RO         3222    .ARM.Collect$$$$00000001  mc_w.l(entry2.o)
    0x080000f0   0x080000f0   0x00000004   Code   RO         3225    .ARM.Collect$$$$00000004  mc_w.l(entry5.o)
    0x080000f4   0x080000f4   0x00000000   Code   RO         3227    .ARM.Collect$$$$00000008  mc_w.l(entry7b.o)
    0x080000f4   0x080000f4   0x00000000   Code   RO         3229    .ARM.Collect$$$$0000000A  mc_w.l(entry8b.o)
    0x080000f4   0x080000f4   0x00000008   Code   RO         3230    .ARM.Collect$$$$0000000B  mc_w.l(entry9a.o)
    0x080000fc   0x080000fc   0x00000004   Code   RO         3237    .ARM.Collect$$$$0000000E  mc_w.l(entry12b.o)
    0x08000100   0x08000100   0x00000000   Code   RO         3232    .ARM.Collect$$$$0000000F  mc_w.l(entry10a.o)
    0x08000100   0x08000100   0x00000000   Code   RO         3234    .ARM.Collect$$$$00000011  mc_w.l(entry11a.o)
    0x08000100   0x08000100   0x00000004   Code   RO         3223    .ARM.Collect$$$$00002712  mc_w.l(entry2.o)
    0x08000104   0x08000104   0x00000024   Code   RO            4    .text               startup_stm32f103xb.o
    0x08000128   0x08000128   0x00000020   Code   RO         2957    .text               mc_w.l(llushr.o)
    0x08000148   0x08000148   0x00000024   Code   RO         2959    .text               mc_w.l(memseta.o)
    0x0800016c   0x0800016c   0x00000062   Code   RO         3241    .text               mc_w.l(uldiv.o)
    0x080001ce   0x080001ce   0x00000002   PAD
    0x080001d0   0x080001d0   0x00000024   Code   RO         3254    .text               mc_w.l(init.o)
    0x080001f4   0x080001f4   0x0000001e   Code   RO         3256    .text               mc_w.l(llshl.o)
    0x08000212   0x08000212   0x00000002   Code   RO          698    i.BusFault_Handler  stm32f1xx_it.o
    0x08000214   0x08000214   0x00000002   Code   RO          699    i.DebugMon_Handler  stm32f1xx_it.o
    0x08000216   0x08000216   0x00000002   PAD
    0x08000218   0x08000218   0x00000030   Code   RO          370    i.Get_CPU_Usage     sys_status.o
    0x08000248   0x08000248   0x0000000c   Code   RO          371    i.Get_Comm_Status   sys_status.o
    0x08000254   0x08000254   0x0000000c   Code   RO          372    i.Get_Error_Count   sys_status.o
    0x08000260   0x08000260   0x00000044   Code   RO          373    i.Get_Key_Status    sys_status.o
    0x080002a4   0x080002a4   0x00000038   Code   RO          374    i.Get_LED_Status    sys_status.o
    0x080002dc   0x080002dc   0x00000046   Code   RO         1688    i.HAL_DMA_Abort     stm32f1xx_hal_dma.o
    0x08000322   0x08000322   0x00000002   PAD
    0x08000324   0x08000324   0x00000098   Code   RO         1689    i.HAL_DMA_Abort_IT  stm32f1xx_hal_dma.o
    0x080003bc   0x080003bc   0x00000006   Code   RO         1692    i.HAL_DMA_GetState  stm32f1xx_hal_dma.o
    0x080003c2   0x080003c2   0x00000002   PAD
    0x080003c4   0x080003c4   0x00000024   Code   RO         1314    i.HAL_Delay         stm32f1xx_hal.o
    0x080003e8   0x080003e8   0x000001e0   Code   RO         1624    i.HAL_GPIO_Init     stm32f1xx_hal_gpio.o
    0x080005c8   0x080005c8   0x0000000a   Code   RO         1626    i.HAL_GPIO_ReadPin  stm32f1xx_hal_gpio.o
    0x080005d2   0x080005d2   0x00000010   Code   RO         1627    i.HAL_GPIO_TogglePin  stm32f1xx_hal_gpio.o
    0x080005e2   0x080005e2   0x0000000a   Code   RO         1628    i.HAL_GPIO_WritePin  stm32f1xx_hal_gpio.o
    0x080005ec   0x080005ec   0x0000000c   Code   RO         1318    i.HAL_GetTick       stm32f1xx_hal.o
    0x080005f8   0x080005f8   0x00000002   Code   RO          870    i.HAL_I2C_AbortCpltCallback  stm32f1xx_hal_i2c.o
    0x080005fa   0x080005fa   0x00000002   Code   RO          871    i.HAL_I2C_AddrCallback  stm32f1xx_hal_i2c.o
    0x080005fc   0x080005fc   0x000000c4   Code   RO          874    i.HAL_I2C_ER_IRQHandler  stm32f1xx_hal_i2c.o
    0x080006c0   0x080006c0   0x00000230   Code   RO          875    i.HAL_I2C_EV_IRQHandler  stm32f1xx_hal_i2c.o
    0x080008f0   0x080008f0   0x00000002   Code   RO          877    i.HAL_I2C_ErrorCallback  stm32f1xx_hal_i2c.o
    0x080008f2   0x080008f2   0x00000002   PAD
    0x080008f4   0x080008f4   0x00000188   Code   RO          881    i.HAL_I2C_Init      stm32f1xx_hal_i2c.o
    0x08000a7c   0x08000a7c   0x00000002   Code   RO          883    i.HAL_I2C_ListenCpltCallback  stm32f1xx_hal_i2c.o
    0x08000a7e   0x08000a7e   0x00000002   Code   RO          884    i.HAL_I2C_MasterRxCpltCallback  stm32f1xx_hal_i2c.o
    0x08000a80   0x08000a80   0x00000002   Code   RO          885    i.HAL_I2C_MasterTxCpltCallback  stm32f1xx_hal_i2c.o
    0x08000a82   0x08000a82   0x00000002   PAD
    0x08000a84   0x08000a84   0x0000012c   Code   RO          894    i.HAL_I2C_Master_Transmit  stm32f1xx_hal_i2c.o
    0x08000bb0   0x08000bb0   0x00000002   Code   RO          897    i.HAL_I2C_MemRxCpltCallback  stm32f1xx_hal_i2c.o
    0x08000bb2   0x08000bb2   0x00000002   Code   RO          898    i.HAL_I2C_MemTxCpltCallback  stm32f1xx_hal_i2c.o
    0x08000bb4   0x08000bb4   0x0000007c   Code   RO          560    i.HAL_I2C_MspInit   i2c.o
    0x08000c30   0x08000c30   0x00000002   Code   RO          907    i.HAL_I2C_SlaveRxCpltCallback  stm32f1xx_hal_i2c.o
    0x08000c32   0x08000c32   0x00000002   Code   RO          908    i.HAL_I2C_SlaveTxCpltCallback  stm32f1xx_hal_i2c.o
    0x08000c34   0x08000c34   0x00000010   Code   RO         1324    i.HAL_IncTick       stm32f1xx_hal.o
    0x08000c44   0x08000c44   0x00000024   Code   RO         1325    i.HAL_Init          stm32f1xx_hal.o
    0x08000c68   0x08000c68   0x00000040   Code   RO         1326    i.HAL_InitTick      stm32f1xx_hal.o
    0x08000ca8   0x08000ca8   0x0000003c   Code   RO          810    i.HAL_MspInit       stm32f1xx_hal_msp.o
    0x08000ce4   0x08000ce4   0x0000001a   Code   RO         1784    i.HAL_NVIC_EnableIRQ  stm32f1xx_hal_cortex.o
    0x08000cfe   0x08000cfe   0x00000002   PAD
    0x08000d00   0x08000d00   0x00000040   Code   RO         1790    i.HAL_NVIC_SetPriority  stm32f1xx_hal_cortex.o
    0x08000d40   0x08000d40   0x00000024   Code   RO         1791    i.HAL_NVIC_SetPriorityGrouping  stm32f1xx_hal_cortex.o
    0x08000d64   0x08000d64   0x0000000c   Code   RO         1906    i.HAL_PWR_EnableBkUpAccess  stm32f1xx_hal_pwr.o
    0x08000d70   0x08000d70   0x000000a4   Code   RO         1585    i.HAL_RCCEx_GetPeriphCLKFreq  stm32f1xx_hal_rcc_ex.o
    0x08000e14   0x08000e14   0x000000ec   Code   RO         1586    i.HAL_RCCEx_PeriphCLKConfig  stm32f1xx_hal_rcc_ex.o
    0x08000f00   0x08000f00   0x0000012c   Code   RO         1482    i.HAL_RCC_ClockConfig  stm32f1xx_hal_rcc.o
    0x0800102c   0x0800102c   0x00000020   Code   RO         1489    i.HAL_RCC_GetPCLK1Freq  stm32f1xx_hal_rcc.o
    0x0800104c   0x0800104c   0x00000020   Code   RO         1490    i.HAL_RCC_GetPCLK2Freq  stm32f1xx_hal_rcc.o
    0x0800106c   0x0800106c   0x0000004c   Code   RO         1491    i.HAL_RCC_GetSysClockFreq  stm32f1xx_hal_rcc.o
    0x080010b8   0x080010b8   0x00000320   Code   RO         1494    i.HAL_RCC_OscConfig  stm32f1xx_hal_rcc.o
    0x080013d8   0x080013d8   0x00000002   Code   RO         2459    i.HAL_RTCEx_RTCEventCallback  stm32f1xx_hal_rtc_ex.o
    0x080013da   0x080013da   0x00000002   Code   RO         2460    i.HAL_RTCEx_RTCEventErrorCallback  stm32f1xx_hal_rtc_ex.o
    0x080013dc   0x080013dc   0x0000003e   Code   RO         2461    i.HAL_RTCEx_RTCIRQHandler  stm32f1xx_hal_rtc_ex.o
    0x0800141a   0x0800141a   0x00000002   Code   RO         2284    i.HAL_RTC_AlarmAEventCallback  stm32f1xx_hal_rtc.o
    0x0800141c   0x0800141c   0x00000034   Code   RO         2285    i.HAL_RTC_AlarmIRQHandler  stm32f1xx_hal_rtc.o
    0x08001450   0x08001450   0x000000d8   Code   RO         2291    i.HAL_RTC_GetTime   stm32f1xx_hal_rtc.o
    0x08001528   0x08001528   0x00000094   Code   RO         2292    i.HAL_RTC_Init      stm32f1xx_hal_rtc.o
    0x080015bc   0x080015bc   0x00000058   Code   RO          602    i.HAL_RTC_MspInit   rtc.o
    0x08001614   0x08001614   0x000000c4   Code   RO         2298    i.HAL_RTC_SetDate   stm32f1xx_hal_rtc.o
    0x080016d8   0x080016d8   0x000000ac   Code   RO         2299    i.HAL_RTC_SetTime   stm32f1xx_hal_rtc.o
    0x08001784   0x08001784   0x0000003a   Code   RO         2300    i.HAL_RTC_WaitForSynchro  stm32f1xx_hal_rtc.o
    0x080017be   0x080017be   0x00000028   Code   RO         1795    i.HAL_SYSTICK_Config  stm32f1xx_hal_cortex.o
    0x080017e6   0x080017e6   0x00000002   Code   RO         2568    i.HAL_UARTEx_RxEventCallback  stm32f1xx_hal_uart.o
    0x080017e8   0x080017e8   0x00000002   Code   RO         2582    i.HAL_UART_ErrorCallback  stm32f1xx_hal_uart.o
    0x080017ea   0x080017ea   0x00000002   PAD
    0x080017ec   0x080017ec   0x0000026c   Code   RO         2585    i.HAL_UART_IRQHandler  stm32f1xx_hal_uart.o
    0x08001a58   0x08001a58   0x00000064   Code   RO         2586    i.HAL_UART_Init     stm32f1xx_hal_uart.o
    0x08001abc   0x08001abc   0x00000100   Code   RO          641    i.HAL_UART_MspInit  usart.o
    0x08001bbc   0x08001bbc   0x0000001c   Code   RO         2591    i.HAL_UART_Receive_IT  stm32f1xx_hal_uart.o
    0x08001bd8   0x08001bd8   0x00000180   Code   RO          445    i.HAL_UART_RxCpltCallback  main.o
    0x08001d58   0x08001d58   0x000000a0   Code   RO         2594    i.HAL_UART_Transmit  stm32f1xx_hal_uart.o
    0x08001df8   0x08001df8   0x00000002   Code   RO         2597    i.HAL_UART_TxCpltCallback  stm32f1xx_hal_uart.o
    0x08001dfa   0x08001dfa   0x00000002   Code   RO          700    i.HardFault_Handler  stm32f1xx_it.o
    0x08001dfc   0x08001dfc   0x0000000c   Code   RO          701    i.I2C1_ER_IRQHandler  stm32f1xx_it.o
    0x08001e08   0x08001e08   0x0000000c   Code   RO          702    i.I2C1_EV_IRQHandler  stm32f1xx_it.o
    0x08001e14   0x08001e14   0x000000bc   Code   RO          919    i.I2C_DMAAbort      stm32f1xx_hal_i2c.o
    0x08001ed0   0x08001ed0   0x00000010   Code   RO          922    i.I2C_Flush_DR      stm32f1xx_hal_i2c.o
    0x08001ee0   0x08001ee0   0x00000158   Code   RO          923    i.I2C_ITError       stm32f1xx_hal_i2c.o
    0x08002038   0x08002038   0x0000002e   Code   RO          924    i.I2C_IsAcknowledgeFailed  stm32f1xx_hal_i2c.o
    0x08002066   0x08002066   0x000000da   Code   RO          925    i.I2C_MasterReceive_BTF  stm32f1xx_hal_i2c.o
    0x08002140   0x08002140   0x000000f4   Code   RO          926    i.I2C_MasterReceive_RXNE  stm32f1xx_hal_i2c.o
    0x08002234   0x08002234   0x0000009c   Code   RO          928    i.I2C_MasterRequestWrite  stm32f1xx_hal_i2c.o
    0x080022d0   0x080022d0   0x00000082   Code   RO          929    i.I2C_MasterTransmit_BTF  stm32f1xx_hal_i2c.o
    0x08002352   0x08002352   0x00000002   PAD
    0x08002354   0x08002354   0x000000b6   Code   RO          930    i.I2C_MasterTransmit_TXE  stm32f1xx_hal_i2c.o
    0x0800240a   0x0800240a   0x00000002   PAD
    0x0800240c   0x0800240c   0x00000158   Code   RO          931    i.I2C_Master_ADDR   stm32f1xx_hal_i2c.o
    0x08002564   0x08002564   0x0000008c   Code   RO          932    i.I2C_Master_SB     stm32f1xx_hal_i2c.o
    0x080025f0   0x080025f0   0x000000a8   Code   RO          933    i.I2C_MemoryTransmit_TXE_BTF  stm32f1xx_hal_i2c.o
    0x08002698   0x08002698   0x00000046   Code   RO          936    i.I2C_Slave_ADDR    stm32f1xx_hal_i2c.o
    0x080026de   0x080026de   0x00000002   PAD
    0x080026e0   0x080026e0   0x00000090   Code   RO          937    i.I2C_Slave_AF      stm32f1xx_hal_i2c.o
    0x08002770   0x08002770   0x0000015c   Code   RO          938    i.I2C_Slave_STOPF   stm32f1xx_hal_i2c.o
    0x080028cc   0x080028cc   0x00000056   Code   RO          939    i.I2C_WaitOnBTFFlagUntilTimeout  stm32f1xx_hal_i2c.o
    0x08002922   0x08002922   0x00000002   PAD
    0x08002924   0x08002924   0x00000090   Code   RO          940    i.I2C_WaitOnFlagUntilTimeout  stm32f1xx_hal_i2c.o
    0x080029b4   0x080029b4   0x000000bc   Code   RO          941    i.I2C_WaitOnMasterAddressFlagUntilTimeout  stm32f1xx_hal_i2c.o
    0x08002a70   0x08002a70   0x00000056   Code   RO          943    i.I2C_WaitOnTXEFlagUntilTimeout  stm32f1xx_hal_i2c.o
    0x08002ac6   0x08002ac6   0x00000002   PAD
    0x08002ac8   0x08002ac8   0x00000030   Code   RO           14    i.LED_Init          led.o
    0x08002af8   0x08002af8   0x00000084   Code   RO           15    i.LED_Process       led.o
    0x08002b7c   0x08002b7c   0x0000003c   Code   RO           16    i.LED_SetState      led.o
    0x08002bb8   0x08002bb8   0x00000074   Code   RO          446    i.MX_GPIO_Init      main.o
    0x08002c2c   0x08002c2c   0x00000068   Code   RO          447    i.MX_RTC_Init       main.o
    0x08002c94   0x08002c94   0x00000002   Code   RO          703    i.MemManage_Handler  stm32f1xx_it.o
    0x08002c96   0x08002c96   0x00000002   Code   RO          704    i.NMI_Handler       stm32f1xx_it.o
    0x08002c98   0x08002c98   0x0000002c   Code   RO          155    i.OLED_Clear        oled.o
    0x08002cc4   0x08002cc4   0x0000010e   Code   RO          158    i.OLED_Init         oled.o
    0x08002dd2   0x08002dd2   0x00000002   PAD
    0x08002dd4   0x08002dd4   0x00000054   Code   RO          159    i.OLED_Refresh      oled.o
    0x08002e28   0x08002e28   0x00000022   Code   RO          160    i.OLED_Set_Pos      oled.o
    0x08002e4a   0x08002e4a   0x00000002   PAD
    0x08002e4c   0x08002e4c   0x00000038   Code   RO          161    i.OLED_ShowCPU      oled.o
    0x08002e84   0x08002e84   0x00000038   Code   RO          162    i.OLED_ShowChar     oled.o
    0x08002ebc   0x08002ebc   0x00000060   Code   RO          163    i.OLED_ShowComm     oled.o
    0x08002f1c   0x08002f1c   0x00000028   Code   RO          164    i.OLED_ShowError    oled.o
    0x08002f44   0x08002f44   0x0000004c   Code   RO          166    i.OLED_ShowKeys     oled.o
    0x08002f90   0x08002f90   0x0000005c   Code   RO          167    i.OLED_ShowLEDs     oled.o
    0x08002fec   0x08002fec   0x00000066   Code   RO          168    i.OLED_ShowNum      oled.o
    0x08003052   0x08003052   0x00000030   Code   RO          169    i.OLED_ShowString   oled.o
    0x08003082   0x08003082   0x0000004e   Code   RO          170    i.OLED_ShowTime     oled.o
    0x080030d0   0x080030d0   0x000000a0   Code   RO          171    i.OLED_UpdateDisplay  oled.o
    0x08003170   0x08003170   0x00000020   Code   RO          172    i.OLED_Write_Command  oled.o
    0x08003190   0x08003190   0x00000002   Code   RO          705    i.PendSV_Handler    stm32f1xx_it.o
    0x08003192   0x08003192   0x00000002   PAD
    0x08003194   0x08003194   0x00000098   Code   RO          448    i.ProcessReceivedFrame  main.o
    0x0800322c   0x0800322c   0x0000000c   Code   RO          706    i.RTC_Alarm_IRQHandler  stm32f1xx_it.o
    0x08003238   0x08003238   0x00000012   Code   RO         2301    i.RTC_Bcd2ToByte    stm32f1xx_hal_rtc.o
    0x0800324a   0x0800324a   0x00000016   Code   RO         2302    i.RTC_ByteToBcd2    stm32f1xx_hal_rtc.o
    0x08003260   0x08003260   0x000000ae   Code   RO         2303    i.RTC_DateUpdate    stm32f1xx_hal_rtc.o
    0x0800330e   0x0800330e   0x00000034   Code   RO         2304    i.RTC_EnterInitMode  stm32f1xx_hal_rtc.o
    0x08003342   0x08003342   0x00000002   PAD
    0x08003344   0x08003344   0x00000036   Code   RO         2305    i.RTC_ExitInitMode  stm32f1xx_hal_rtc.o
    0x0800337a   0x0800337a   0x00000002   PAD
    0x0800337c   0x0800337c   0x0000000c   Code   RO          707    i.RTC_IRQHandler    stm32f1xx_it.o
    0x08003388   0x08003388   0x0000000e   Code   RO         2306    i.RTC_ReadAlarmCounter  stm32f1xx_hal_rtc.o
    0x08003396   0x08003396   0x00000020   Code   RO         2307    i.RTC_ReadTimeCounter  stm32f1xx_hal_rtc.o
    0x080033b6   0x080033b6   0x00000056   Code   RO         2308    i.RTC_WeekDayNum    stm32f1xx_hal_rtc.o
    0x0800340c   0x0800340c   0x00000028   Code   RO         2309    i.RTC_WriteAlarmCounter  stm32f1xx_hal_rtc.o
    0x08003434   0x08003434   0x00000028   Code   RO         2310    i.RTC_WriteTimeCounter  stm32f1xx_hal_rtc.o
    0x0800345c   0x0800345c   0x00000002   Code   RO          708    i.SVC_Handler       stm32f1xx_it.o
    0x0800345e   0x0800345e   0x00000002   PAD
    0x08003460   0x08003460   0x0000000c   Code   RO          376    i.Set_Comm_Status   sys_status.o
    0x0800346c   0x0800346c   0x00000004   Code   RO          709    i.SysTick_Handler   stm32f1xx_it.o
    0x08003470   0x08003470   0x00000058   Code   RO          301    i.Sys_Init          sys_manager.o
    0x080034c8   0x080034c8   0x00000016   Code   RO          302    i.Sys_Run           sys_manager.o
    0x080034de   0x080034de   0x00000002   PAD
    0x080034e0   0x080034e0   0x00000020   Code   RO          377    i.Sys_Status_Init   sys_status.o
    0x08003500   0x08003500   0x00000038   Code   RO          303    i.Sys_Update_Status  sys_manager.o
    0x08003538   0x08003538   0x00000080   Code   RO          449    i.SystemClock_Config  main.o
    0x080035b8   0x080035b8   0x00000002   Code   RO         2920    i.SystemInit        system_stm32f1xx.o
    0x080035ba   0x080035ba   0x00000010   Code   RO         2599    i.UART_DMAAbortOnError  stm32f1xx_hal_uart.o
    0x080035ca   0x080035ca   0x0000004e   Code   RO         2609    i.UART_EndRxTransfer  stm32f1xx_hal_uart.o
    0x08003618   0x08003618   0x000000c2   Code   RO         2611    i.UART_Receive_IT   stm32f1xx_hal_uart.o
    0x080036da   0x080036da   0x00000002   PAD
    0x080036dc   0x080036dc   0x000000b8   Code   RO         2612    i.UART_SetConfig    stm32f1xx_hal_uart.o
    0x08003794   0x08003794   0x00000036   Code   RO         2614    i.UART_Start_Receive_IT  stm32f1xx_hal_uart.o
    0x080037ca   0x080037ca   0x00000072   Code   RO         2615    i.UART_WaitOnFlagUntilTimeout  stm32f1xx_hal_uart.o
    0x0800383c   0x0800383c   0x0000000c   Code   RO          710    i.USART1_IRQHandler  stm32f1xx_it.o
    0x08003848   0x08003848   0x000000a8   Code   RO          450    i.USART1_Init       main.o
    0x080038f0   0x080038f0   0x0000000c   Code   RO          711    i.USART3_IRQHandler  stm32f1xx_it.o
    0x080038fc   0x080038fc   0x00000010   Code   RO          378    i.Update_Idle_Time  sys_status.o
    0x0800390c   0x0800390c   0x00000002   Code   RO          712    i.UsageFault_Handler  stm32f1xx_it.o
    0x0800390e   0x0800390e   0x00000002   PAD
    0x08003910   0x08003910   0x00000020   Code   RO         3168    i.__0printf$8       mc_w.l(printf8.o)
    0x08003930   0x08003930   0x00000020   Code   RO         1797    i.__NVIC_SetPriority  stm32f1xx_hal_cortex.o
    0x08003950   0x08003950   0x0000000e   Code   RO         3264    i.__scatterload_copy  mc_w.l(handlers.o)
    0x0800395e   0x0800395e   0x00000002   Code   RO         3265    i.__scatterload_null  mc_w.l(handlers.o)
    0x08003960   0x08003960   0x0000000e   Code   RO         3266    i.__scatterload_zeroinit  mc_w.l(handlers.o)
    0x0800396e   0x0800396e   0x00000002   PAD
    0x08003970   0x08003970   0x00000404   Code   RO         3175    i._printf_core      mc_w.l(printf8.o)
    0x08003d74   0x08003d74   0x00000024   Code   RO         3176    i._printf_post_padding  mc_w.l(printf8.o)
    0x08003d98   0x08003d98   0x0000002e   Code   RO         3177    i._printf_pre_padding  mc_w.l(printf8.o)
    0x08003dc6   0x08003dc6   0x00000002   PAD
    0x08003dc8   0x08003dc8   0x00000018   Code   RO          644    i.fputc             usart.o
    0x08003de0   0x08003de0   0x00000290   Code   RO          451    i.main              main.o
    0x08004070   0x08004070   0x00000010   Code   RO          173    i.oled_pow          oled.o
    0x08004080   0x08004080   0x00000240   Data   RO          175    .constdata          oled.o
    0x080042c0   0x080042c0   0x00000012   Data   RO         1495    .constdata          stm32f1xx_hal_rcc.o
    0x080042d2   0x080042d2   0x00000012   Data   RO         1587    .constdata          stm32f1xx_hal_rcc_ex.o
    0x080042e4   0x080042e4   0x00000010   Data   RO         2921    .constdata          system_stm32f1xx.o
    0x080042f4   0x080042f4   0x00000008   Data   RO         2922    .constdata          system_stm32f1xx.o
    0x080042fc   0x080042fc   0x00000020   Data   RO         3262    Region$$Table       anon$$obj.o


    Execution Region RW_IRAM1 (Exec base: 0x20000000, Load base: 0x0800431c, Size: 0x00000a60, Max: 0x00005000, ABSOLUTE)

    Exec Addr    Load Addr    Size         Type   Attr      Idx    E Section Name        Object

    0x20000000   0x0800431c   0x00000030   Data   RW           17    .data               led.o
    0x20000030   0x0800434c   0x00000004   Data   RW          176    .data               oled.o
    0x20000034   0x08004350   0x00000004   Data   RW          304    .data               sys_manager.o
    0x20000038   0x08004354   0x00000014   Data   RW          379    .data               sys_status.o
    0x2000004c   0x08004368   0x00000004   Data   RW          453    .data               main.o
    0x20000050   0x0800436c   0x0000000c   Data   RW         1332    .data               stm32f1xx_hal.o
    0x2000005c   0x08004378   0x00000004   Data   RW         2923    .data               system_stm32f1xx.o
    0x20000060   0x0800437c   0x00000004   Data   RW         3238    .data               mc_w.l(stdout.o)
    0x20000064        -       0x00000400   Zero   RW          174    .bss                oled.o
    0x20000464        -       0x00000100   Zero   RW          452    .bss                main.o
    0x20000564        -       0x00000054   Zero   RW          562    .bss                i2c.o
    0x200005b8        -       0x00000014   Zero   RW          604    .bss                rtc.o
    0x200005cc        -       0x00000090   Zero   RW          645    .bss                usart.o
    0x2000065c   0x08004380   0x00000004   PAD
    0x20000660        -       0x00000400   Zero   RW            1    STACK               startup_stm32f103xb.o


==============================================================================

Image component sizes


      Code (inc. data)   RO Data    RW Data    ZI Data      Debug   Object Name

       124         12          0          0         84       1102   i2c.o
       240         16          0         48          0     412264   led.o
      1708        750          0          4        256       7536   main.o
      1284        132        576          4       1024      10187   oled.o
        88         12          0          0         20       1021   rtc.o
        36          8        236          0       1024        788   startup_stm32f103xb.o
       164         28          0         12          0       5773   stm32f1xx_hal.o
       198         14          0          0          0      28855   stm32f1xx_hal_cortex.o
       228          4          0          0          0       2262   stm32f1xx_hal_dma.o
       516         34          0          0          0       4052   stm32f1xx_hal_gpio.o
      4710         72          0          0          0      28091   stm32f1xx_hal_i2c.o
        60          8          0          0          0        842   stm32f1xx_hal_msp.o
        12          4          0          0          0        499   stm32f1xx_hal_pwr.o
      1240         84         18          0          0       5016   stm32f1xx_hal_rcc.o
       400         28         18          0          0       2417   stm32f1xx_hal_rcc_ex.o
      1376         16          0          0          0      12762   stm32f1xx_hal_rtc.o
        66          0          0          0          0       2041   stm32f1xx_hal_rtc_ex.o
      1554         10          0          0          0      10732   stm32f1xx_hal_uart.o
        92         36          0          0          0       6240   stm32f1xx_it.o
       166         10          0          4          0       1529   sys_manager.o
       256         48          0         20          0       4097   sys_status.o
         2          0         24          4          0       1071   system_stm32f1xx.o
       280         26          0          0        144       1875   usart.o

    ----------------------------------------------------------------------
     14842       1352        904         96       2556     551052   Object Totals
         0          0         32          0          0          0   (incl. Generated)
        42          0          0          0          4          0   (incl. Padding)

    ----------------------------------------------------------------------

      Code (inc. data)   RO Data    RW Data    ZI Data      Debug   Library Member Name

         0          0          0          0          0          0   entry.o
         0          0          0          0          0          0   entry10a.o
         0          0          0          0          0          0   entry11a.o
         4          0          0          0          0          0   entry12b.o
         8          4          0          0          0          0   entry2.o
         4          0          0          0          0          0   entry5.o
         0          0          0          0          0          0   entry7b.o
         0          0          0          0          0          0   entry8b.o
         8          4          0          0          0          0   entry9a.o
        30          0          0          0          0          0   handlers.o
        36          8          0          0          0         68   init.o
        30          0          0          0          0         68   llshl.o
        32          0          0          0          0         68   llushr.o
        36          0          0          0          0        108   memseta.o
      1142         54          0          0          0        352   printf8.o
         0          0          0          4          0          0   stdout.o
        98          0          0          0          0         92   uldiv.o

    ----------------------------------------------------------------------
      1434         70          0          4          0        756   Library Totals
         6          0          0          0          0          0   (incl. Padding)

    ----------------------------------------------------------------------

      Code (inc. data)   RO Data    RW Data    ZI Data      Debug   Library Name

      1428         70          0          4          0        756   mc_w.l

    ----------------------------------------------------------------------
      1434         70          0          4          0        756   Library Totals

    ----------------------------------------------------------------------

==============================================================================


      Code (inc. data)   RO Data    RW Data    ZI Data      Debug   

     16276       1422        904        100       2556     544160   Grand Totals
     16276       1422        904        100       2556     544160   ELF Image Totals
     16276       1422        904        100          0          0   ROM Totals

==============================================================================

    Total RO  Size (Code + RO Data)                17180 (  16.78kB)
    Total RW  Size (RW Data + ZI Data)              2656 (   2.59kB)
    Total ROM Size (Code + RO Data + RW Data)      17280 (  16.88kB)

==============================================================================

